This is pdfTeX, Version 3.141592653-2.6-1.40.25 (TeX Live 2023/Debian) (preloaded format=pdflatex)
 restricted \write18 enabled.
entering extended mode
(./paper.tex
LaTeX2e <2023-11-01> patch level 1
L3 programming layer <2024-01-22>
(/usr/share/texlive/texmf-dist/tex/latex/base/article.cls
Document Class: article 2023/05/17 v1.4n Standard LaTeX document class
(/usr/share/texlive/texmf-dist/tex/latex/base/size10.clo))
(./iclr2024_conference.sty
(/usr/share/texlive/texmf-dist/tex/latex/eso-pic/eso-pic.sty
(/usr/share/texlive/texmf-dist/tex/latex/graphics/keyval.sty)
(/usr/share/texlive/texmf-dist/tex/latex/xcolor/xcolor.sty
(/usr/share/texlive/texmf-dist/tex/latex/graphics-cfg/color.cfg)
(/usr/share/texlive/texmf-dist/tex/latex/graphics-def/pdftex.def)
(/usr/share/texlive/texmf-dist/tex/latex/graphics/mathcolor.ltx)))
(./fancyhdr.sty) (./natbib.sty))
(/usr/share/texlive/texmf-dist/tex/latex/psnfss/times.sty)
(/usr/share/texlive/texmf-dist/tex/latex/base/inputenc.sty)
(/usr/share/texlive/texmf-dist/tex/latex/base/fontenc.sty
(/usr/share/texlive/texmf-dist/tex/latex/psnfss/t1ptm.fd))
(/usr/share/texlive/texmf-dist/tex/latex/hyperref/hyperref.sty
(/usr/share/texlive/texmf-dist/tex/generic/iftex/iftex.sty)
(/usr/share/texlive/texmf-dist/tex/latex/kvsetkeys/kvsetkeys.sty)
(/usr/share/texlive/texmf-dist/tex/generic/kvdefinekeys/kvdefinekeys.sty)
(/usr/share/texlive/texmf-dist/tex/generic/pdfescape/pdfescape.sty
(/usr/share/texlive/texmf-dist/tex/generic/ltxcmds/ltxcmds.sty)
(/usr/share/texlive/texmf-dist/tex/generic/pdftexcmds/pdftexcmds.sty
(/usr/share/texlive/texmf-dist/tex/generic/infwarerr/infwarerr.sty)))
(/usr/share/texlive/texmf-dist/tex/latex/hycolor/hycolor.sty)
(/usr/share/texlive/texmf-dist/tex/latex/auxhook/auxhook.sty)
(/usr/share/texlive/texmf-dist/tex/latex/hyperref/nameref.sty
(/usr/share/texlive/texmf-dist/tex/latex/refcount/refcount.sty)
(/usr/share/texlive/texmf-dist/tex/generic/gettitlestring/gettitlestring.sty
(/usr/share/texlive/texmf-dist/tex/latex/kvoptions/kvoptions.sty)))
(/usr/share/texlive/texmf-dist/tex/latex/etoolbox/etoolbox.sty)
(/usr/share/texlive/texmf-dist/tex/latex/hyperref/pd1enc.def)
(/usr/share/texlive/texmf-dist/tex/generic/intcalc/intcalc.sty)
(/usr/share/texlive/texmf-dist/tex/latex/hyperref/puenc.def)
(/usr/share/texlive/texmf-dist/tex/latex/url/url.sty)
(/usr/share/texlive/texmf-dist/tex/generic/bitset/bitset.sty
(/usr/share/texlive/texmf-dist/tex/generic/bigintcalc/bigintcalc.sty))
(/usr/share/texlive/texmf-dist/tex/latex/base/atbegshi-ltx.sty))
(/usr/share/texlive/texmf-dist/tex/latex/hyperref/hpdftex.def
(/usr/share/texlive/texmf-dist/tex/latex/base/atveryend-ltx.sty)
(/usr/share/texlive/texmf-dist/tex/latex/rerunfilecheck/rerunfilecheck.sty
(/usr/share/texlive/texmf-dist/tex/generic/uniquecounter/uniquecounter.sty)))
(/usr/share/texlive/texmf-dist/tex/latex/booktabs/booktabs.sty)
(/usr/share/texlive/texmf-dist/tex/latex/amsfonts/amsfonts.sty)
(/usr/share/texlive/texmf-dist/tex/latex/units/nicefrac.sty
(/usr/share/texlive/texmf-dist/tex/latex/base/ifthen.sty))
(/usr/share/texlive/texmf-dist/tex/latex/microtype/microtype.sty
(/usr/share/texlive/texmf-dist/tex/latex/microtype/microtype-pdftex.def)
(/usr/share/texlive/texmf-dist/tex/latex/microtype/microtype.cfg))
(/usr/share/texlive/texmf-dist/tex/latex/titlesec/titletoc.sty)
(/usr/share/texlive/texmf-dist/tex/latex/caption/subcaption.sty
(/usr/share/texlive/texmf-dist/tex/latex/caption/caption.sty
(/usr/share/texlive/texmf-dist/tex/latex/caption/caption3.sty)))
(/usr/share/texlive/texmf-dist/tex/latex/graphics/graphicx.sty
(/usr/share/texlive/texmf-dist/tex/latex/graphics/graphics.sty
(/usr/share/texlive/texmf-dist/tex/latex/graphics/trig.sty)
(/usr/share/texlive/texmf-dist/tex/latex/graphics-cfg/graphics.cfg)))
(/usr/share/texlive/texmf-dist/tex/latex/amsmath/amsmath.sty
For additional information on amsmath, use the `?' option.
(/usr/share/texlive/texmf-dist/tex/latex/amsmath/amstext.sty
(/usr/share/texlive/texmf-dist/tex/latex/amsmath/amsgen.sty))
(/usr/share/texlive/texmf-dist/tex/latex/amsmath/amsbsy.sty)
(/usr/share/texlive/texmf-dist/tex/latex/amsmath/amsopn.sty))
(/usr/share/texlive/texmf-dist/tex/latex/multirow/multirow.sty)
(/usr/share/texlive/texmf-dist/tex/latex/colortbl/colortbl.sty
(/usr/share/texlive/texmf-dist/tex/latex/tools/array.sty))
(/usr/share/texlive/texmf-dist/tex/latex/cleveref/cleveref.sty)
(/usr/share/texlive/texmf-dist/tex/latex/algorithms/algorithm.sty
(/usr/share/texlive/texmf-dist/tex/latex/float/float.sty))
(/usr/share/texlive/texmf-dist/tex/latex/algorithmicx/algorithmicx.sty
Document Style algorithmicx 1.2 - a greatly improved `algorithmic' style
) (/usr/share/texlive/texmf-dist/tex/latex/algorithmicx/algpseudocode.sty
Document Style - pseudocode environments for use with the `algorithmicx' style
) (/usr/share/texlive/texmf-dist/tex/latex/pgf/frontendlayer/tikz.sty
(/usr/share/texlive/texmf-dist/tex/latex/pgf/basiclayer/pgf.sty
(/usr/share/texlive/texmf-dist/tex/latex/pgf/utilities/pgfrcs.sty
(/usr/share/texlive/texmf-dist/tex/generic/pgf/utilities/pgfutil-common.tex)
(/usr/share/texlive/texmf-dist/tex/generic/pgf/utilities/pgfutil-latex.def)
(/usr/share/texlive/texmf-dist/tex/generic/pgf/utilities/pgfrcs.code.tex
(/usr/share/texlive/texmf-dist/tex/generic/pgf/pgf.revision.tex)))
(/usr/share/texlive/texmf-dist/tex/latex/pgf/basiclayer/pgfcore.sty
(/usr/share/texlive/texmf-dist/tex/latex/pgf/systemlayer/pgfsys.sty
(/usr/share/texlive/texmf-dist/tex/generic/pgf/systemlayer/pgfsys.code.tex
(/usr/share/texlive/texmf-dist/tex/generic/pgf/utilities/pgfkeys.code.tex
(/usr/share/texlive/texmf-dist/tex/generic/pgf/utilities/pgfkeyslibraryfiltered
.code.tex)) (/usr/share/texlive/texmf-dist/tex/generic/pgf/systemlayer/pgf.cfg)
(/usr/share/texlive/texmf-dist/tex/generic/pgf/systemlayer/pgfsys-pdftex.def
(/usr/share/texlive/texmf-dist/tex/generic/pgf/systemlayer/pgfsys-common-pdf.de
f)))
(/usr/share/texlive/texmf-dist/tex/generic/pgf/systemlayer/pgfsyssoftpath.code.
tex)
(/usr/share/texlive/texmf-dist/tex/generic/pgf/systemlayer/pgfsysprotocol.code.
tex))
(/usr/share/texlive/texmf-dist/tex/generic/pgf/basiclayer/pgfcore.code.tex
(/usr/share/texlive/texmf-dist/tex/generic/pgf/math/pgfmath.code.tex
(/usr/share/texlive/texmf-dist/tex/generic/pgf/math/pgfmathutil.code.tex)
(/usr/share/texlive/texmf-dist/tex/generic/pgf/math/pgfmathparser.code.tex)
(/usr/share/texlive/texmf-dist/tex/generic/pgf/math/pgfmathfunctions.code.tex)
(/usr/share/texlive/texmf-dist/tex/generic/pgf/math/pgfmathfunctions.basic.code
.tex)
(/usr/share/texlive/texmf-dist/tex/generic/pgf/math/pgfmathfunctions.trigonomet
ric.code.tex)
(/usr/share/texlive/texmf-dist/tex/generic/pgf/math/pgfmathfunctions.random.cod
e.tex)
(/usr/share/texlive/texmf-dist/tex/generic/pgf/math/pgfmathfunctions.comparison
.code.tex)
(/usr/share/texlive/texmf-dist/tex/generic/pgf/math/pgfmathfunctions.base.code.
tex)
(/usr/share/texlive/texmf-dist/tex/generic/pgf/math/pgfmathfunctions.round.code
.tex)
(/usr/share/texlive/texmf-dist/tex/generic/pgf/math/pgfmathfunctions.misc.code.
tex)
(/usr/share/texlive/texmf-dist/tex/generic/pgf/math/pgfmathfunctions.integerari
thmetics.code.tex)
(/usr/share/texlive/texmf-dist/tex/generic/pgf/math/pgfmathcalc.code.tex)
(/usr/share/texlive/texmf-dist/tex/generic/pgf/math/pgfmathfloat.code.tex))
(/usr/share/texlive/texmf-dist/tex/generic/pgf/math/pgfint.code.tex)
(/usr/share/texlive/texmf-dist/tex/generic/pgf/basiclayer/pgfcorepoints.code.te
x)
(/usr/share/texlive/texmf-dist/tex/generic/pgf/basiclayer/pgfcorepathconstruct.
code.tex)
(/usr/share/texlive/texmf-dist/tex/generic/pgf/basiclayer/pgfcorepathusage.code
.tex)
(/usr/share/texlive/texmf-dist/tex/generic/pgf/basiclayer/pgfcorescopes.code.te
x)
(/usr/share/texlive/texmf-dist/tex/generic/pgf/basiclayer/pgfcoregraphicstate.c
ode.tex)
(/usr/share/texlive/texmf-dist/tex/generic/pgf/basiclayer/pgfcoretransformation
s.code.tex)
(/usr/share/texlive/texmf-dist/tex/generic/pgf/basiclayer/pgfcorequick.code.tex
)
(/usr/share/texlive/texmf-dist/tex/generic/pgf/basiclayer/pgfcoreobjects.code.t
ex)
(/usr/share/texlive/texmf-dist/tex/generic/pgf/basiclayer/pgfcorepathprocessing
.code.tex)
(/usr/share/texlive/texmf-dist/tex/generic/pgf/basiclayer/pgfcorearrows.code.te
x)
(/usr/share/texlive/texmf-dist/tex/generic/pgf/basiclayer/pgfcoreshade.code.tex
)
(/usr/share/texlive/texmf-dist/tex/generic/pgf/basiclayer/pgfcoreimage.code.tex
)
(/usr/share/texlive/texmf-dist/tex/generic/pgf/basiclayer/pgfcoreexternal.code.
tex)
(/usr/share/texlive/texmf-dist/tex/generic/pgf/basiclayer/pgfcorelayers.code.te
x)
(/usr/share/texlive/texmf-dist/tex/generic/pgf/basiclayer/pgfcoretransparency.c
ode.tex)
(/usr/share/texlive/texmf-dist/tex/generic/pgf/basiclayer/pgfcorepatterns.code.
tex)
(/usr/share/texlive/texmf-dist/tex/generic/pgf/basiclayer/pgfcorerdf.code.tex))
)
(/usr/share/texlive/texmf-dist/tex/generic/pgf/modules/pgfmoduleshapes.code.tex
) (/usr/share/texlive/texmf-dist/tex/generic/pgf/modules/pgfmoduleplot.code.tex
)
(/usr/share/texlive/texmf-dist/tex/latex/pgf/compatibility/pgfcomp-version-0-65
.sty)
(/usr/share/texlive/texmf-dist/tex/latex/pgf/compatibility/pgfcomp-version-1-18
.sty)) (/usr/share/texlive/texmf-dist/tex/latex/pgf/utilities/pgffor.sty
(/usr/share/texlive/texmf-dist/tex/latex/pgf/utilities/pgfkeys.sty
(/usr/share/texlive/texmf-dist/tex/generic/pgf/utilities/pgfkeys.code.tex))
(/usr/share/texlive/texmf-dist/tex/latex/pgf/math/pgfmath.sty
(/usr/share/texlive/texmf-dist/tex/generic/pgf/math/pgfmath.code.tex))
(/usr/share/texlive/texmf-dist/tex/generic/pgf/utilities/pgffor.code.tex))
(/usr/share/texlive/texmf-dist/tex/generic/pgf/frontendlayer/tikz/tikz.code.tex

(/usr/share/texlive/texmf-dist/tex/generic/pgf/libraries/pgflibraryplothandlers
.code.tex)
(/usr/share/texlive/texmf-dist/tex/generic/pgf/modules/pgfmodulematrix.code.tex
)
(/usr/share/texlive/texmf-dist/tex/generic/pgf/frontendlayer/tikz/libraries/tik
zlibrarytopaths.code.tex)))
(/usr/share/texlive/texmf-dist/tex/latex/pgfplots/pgfplots.sty
(/usr/share/texlive/texmf-dist/tex/generic/pgfplots/pgfplots.revision.tex)
(/usr/share/texlive/texmf-dist/tex/generic/pgfplots/pgfplots.code.tex
(/usr/share/texlive/texmf-dist/tex/generic/pgfplots/pgfplotscore.code.tex
(/usr/share/texlive/texmf-dist/tex/generic/pgfplots/sys/pgfplotssysgeneric.code
.tex))
(/usr/share/texlive/texmf-dist/tex/generic/pgfplots/libs/pgfplotslibrary.code.t
ex)
(/usr/share/texlive/texmf-dist/tex/generic/pgfplots/oldpgfcompatib/pgfplotsoldp
gfsupp_loader.code.tex
(/usr/share/texlive/texmf-dist/tex/generic/pgf/libraries/pgflibraryfpu.code.tex
)
Package pgfplots: loading complementary utilities for your pgf version...

(/usr/share/texlive/texmf-dist/tex/generic/pgfplots/oldpgfcompatib/pgfplotsoldp
gfsupp_pgfutil-common-lists.tex))
(/usr/share/texlive/texmf-dist/tex/generic/pgfplots/util/pgfplotsutil.code.tex
(/usr/share/texlive/texmf-dist/tex/generic/pgfplots/liststructure/pgfplotslists
tructure.code.tex)
(/usr/share/texlive/texmf-dist/tex/generic/pgfplots/liststructure/pgfplotslists
tructureext.code.tex)
(/usr/share/texlive/texmf-dist/tex/generic/pgfplots/liststructure/pgfplotsarray
.code.tex)
(/usr/share/texlive/texmf-dist/tex/generic/pgfplots/liststructure/pgfplotsmatri
x.code.tex)
(/usr/share/texlive/texmf-dist/tex/generic/pgfplots/numtable/pgfplotstableshare
d.code.tex)
(/usr/share/texlive/texmf-dist/tex/generic/pgfplots/liststructure/pgfplotsdeque
.code.tex)
(/usr/share/texlive/texmf-dist/tex/generic/pgfplots/util/pgfplotsbinary.code.te
x
(/usr/share/texlive/texmf-dist/tex/generic/pgfplots/util/pgfplotsbinary.data.co
de.tex))
(/usr/share/texlive/texmf-dist/tex/generic/pgfplots/util/pgfplotsutil.verb.code
.tex)
(/usr/share/texlive/texmf-dist/tex/generic/pgfplots/libs/pgflibrarypgfplots.sur
fshading.code.tex
(/usr/share/texlive/texmf-dist/tex/generic/pgfplots/sys/pgflibrarypgfplots.surf
shading.pgfsys-pdftex.def)))
(/usr/share/texlive/texmf-dist/tex/generic/pgfplots/util/pgfplotscolormap.code.
tex
(/usr/share/texlive/texmf-dist/tex/generic/pgfplots/util/pgfplotscolor.code.tex
))
(/usr/share/texlive/texmf-dist/tex/generic/pgfplots/pgfplotsstackedplots.code.t
ex)
(/usr/share/texlive/texmf-dist/tex/generic/pgfplots/pgfplotsplothandlers.code.t
ex
(/usr/share/texlive/texmf-dist/tex/generic/pgfplots/pgfplotsmeshplothandler.cod
e.tex
(/usr/share/texlive/texmf-dist/tex/generic/pgfplots/pgfplotsmeshplotimage.code.
tex)))
(/usr/share/texlive/texmf-dist/tex/generic/pgfplots/pgfplots.scaling.code.tex)
(/usr/share/texlive/texmf-dist/tex/generic/pgfplots/pgfplotscoordprocessing.cod
e.tex)
(/usr/share/texlive/texmf-dist/tex/generic/pgfplots/pgfplots.errorbars.code.tex
) (/usr/share/texlive/texmf-dist/tex/generic/pgfplots/pgfplots.markers.code.tex
) (/usr/share/texlive/texmf-dist/tex/generic/pgfplots/pgfplotsticks.code.tex)
(/usr/share/texlive/texmf-dist/tex/generic/pgfplots/pgfplots.paths.code.tex)
(/usr/share/texlive/texmf-dist/tex/generic/pgf/frontendlayer/tikz/libraries/tik
zlibrarydecorations.code.tex
(/usr/share/texlive/texmf-dist/tex/generic/pgf/modules/pgfmoduledecorations.cod
e.tex))
(/usr/share/texlive/texmf-dist/tex/generic/pgf/frontendlayer/tikz/libraries/tik
zlibrarydecorations.pathmorphing.code.tex
(/usr/share/texlive/texmf-dist/tex/generic/pgf/libraries/decorations/pgflibrary
decorations.pathmorphing.code.tex))
(/usr/share/texlive/texmf-dist/tex/generic/pgf/frontendlayer/tikz/libraries/tik
zlibrarydecorations.pathreplacing.code.tex
(/usr/share/texlive/texmf-dist/tex/generic/pgf/libraries/decorations/pgflibrary
decorations.pathreplacing.code.tex))
(/usr/share/texlive/texmf-dist/tex/generic/pgfplots/libs/tikzlibrarypgfplots.co
ntourlua.code.tex))
(/usr/share/texlive/texmf-dist/tex/generic/pgf/frontendlayer/tikz/libraries/tik
zlibraryplotmarks.code.tex
(/usr/share/texlive/texmf-dist/tex/generic/pgf/libraries/pgflibraryplotmarks.co
de.tex))) (/usr/share/texlive/texmf-dist/tex/latex/tools/tabularx.sty)
(/usr/share/texlive/texmf-dist/tex/latex/l3backend/l3backend-pdftex.def)
No file paper.aux.
(/usr/share/texlive/texmf-dist/tex/context/base/mkii/supp-pdf.mkii
[Loading MPS to PDF converter (version 2006.09.02).]
) (/usr/share/texlive/texmf-dist/tex/latex/epstopdf-pkg/epstopdf-base.sty
(/usr/share/texlive/texmf-dist/tex/latex/latexconfig/epstopdf-sys.cfg))
(/usr/share/texlive/texmf-dist/tex/latex/microtype/mt-ptm.cfg)
Package pgfplots notification 'compat/show suggested version=true': document ha
s been generated with the most recent feature set (\pgfplotsset{compat=1.18}).

(/usr/share/texlive/texmf-dist/tex/latex/microtype/mt-cmr.cfg)
(/usr/share/texlive/texmf-dist/tex/latex/amsfonts/umsa.fd)
(/usr/share/texlive/texmf-dist/tex/latex/microtype/mt-msa.cfg)
(/usr/share/texlive/texmf-dist/tex/latex/amsfonts/umsb.fd)
(/usr/share/texlive/texmf-dist/tex/latex/microtype/mt-msb.cfg)
! Missing \endcsname inserted.
<to be read again> 
                   \protect 
l.50 ... chaudhry\_2018-12-02T16:39:19Z\_lifelong}
                                                  , quantization robust trai...


Package natbib Warning: Citation `sun\T1\textunderscore2019\T1\textunderscorela
mol' on page 1 undefined on input line 50.

! Missing \endcsname inserted.
<to be read again> 
                   \protect 
l.50 ... chaudhry\_2018-12-02T16:39:19Z\_lifelong}
                                                  , quantization robust trai...


Package natbib Warning: Citation `chaudhry\T1\textunderscore2018-12-02T16:39:19
Z\T1\textunderscorelifelong' on page 1 undefined on input line 50.

! Missing \endcsname inserted.
<to be read again> 
                   \protect 
l.50 ...\cite{fan\_2020-04-15T20:10:53Z\_training}
                                                   and parameter\-efficient ...


Package natbib Warning: Citation `fan\T1\textunderscore2020-04-15T20:10:53Z\T1\
textunderscoretraining' on page 1 undefined on input line 50.

! Missing \endcsname inserted.
<to be read again> 
                   \protect 
l.50 ...mahabadi\_2021-06-08T19:17:04Z\_compacter}
                                                  . This work lays the groun...


Package natbib Warning: Citation `mahabadi\T1\textunderscore2021-06-08T19:17:04
Z\T1\textunderscorecompacter' on page 1 undefined on input line 50.

(/usr/share/texlive/texmf-dist/tex/latex/psnfss/ts1ptm.fd) [1{/var/lib/texmf/fo
nts/map/pdftex/updmap/pdftex.map}{/usr/share/texlive/texmf-dist/fonts/enc/dvips
/base/8r.enc}]
! Missing \endcsname inserted.
<to be read again> 
                   \protect 
l.64 ... chaudhry\_2018-12-02T16:39:19Z\_lifelong}
                                                  , quantization robust trai...


Package natbib Warning: Citation `sun\T1\textunderscore2019\T1\textunderscorela
mol' on page 2 undefined on input line 64.

! Missing \endcsname inserted.
<to be read again> 
                   \protect 
l.64 ... chaudhry\_2018-12-02T16:39:19Z\_lifelong}
                                                  , quantization robust trai...


Package natbib Warning: Citation `chaudhry\T1\textunderscore2018-12-02T16:39:19
Z\T1\textunderscorelifelong' on page 2 undefined on input line 64.

! Missing \endcsname inserted.
<to be read again> 
                   \protect 
l.64 ...\cite{fan\_2020-04-15T20:10:53Z\_training}
                                                  , and efficient module ada...


Package natbib Warning: Citation `fan\T1\textunderscore2020-04-15T20:10:53Z\T1\
textunderscoretraining' on page 2 undefined on input line 64.

! Missing \endcsname inserted.
<to be read again> 
                   \protect 
l.64 ...mahabadi\_2021-06-08T19:17:04Z\_compacter}
                                                   and represents an importa...


Package natbib Warning: Citation `mahabadi\T1\textunderscore2021-06-08T19:17:04
Z\T1\textunderscorecompacter' on page 2 undefined on input line 64.

! Missing \endcsname inserted.
<to be read again> 
                   \protect 
l.68 ... chaudhry\_2018-12-02T16:39:19Z\_lifelong}
                                                  . Although these approache...


Package natbib Warning: Citation `sun\T1\textunderscore2019\T1\textunderscorela
mol' on page 2 undefined on input line 68.

! Missing \endcsname inserted.
<to be read again> 
                   \protect 
l.68 ... chaudhry\_2018-12-02T16:39:19Z\_lifelong}
                                                  . Although these approache...


Package natbib Warning: Citation `chaudhry\T1\textunderscore2018-12-02T16:39:19
Z\T1\textunderscorelifelong' on page 2 undefined on input line 68.

! Missing \endcsname inserted.
<to be read again> 
                   \protect 
l.68 ...\cite{fan\_2020-04-15T20:10:53Z\_training}
                                                  . However, such methods ar...


Package natbib Warning: Citation `fan\T1\textunderscore2020-04-15T20:10:53Z\T1\
textunderscoretraining' on page 2 undefined on input line 68.

! Missing \endcsname inserted.
<to be read again> 
                   \protect 
l.68 ...mahabadi\_2021-06-08T19:17:04Z\_compacter}
                                                  , exploit low\-rank factor...


Package natbib Warning: Citation `mahabadi\T1\textunderscore2021-06-08T19:17:04
Z\T1\textunderscorecompacter' on page 2 undefined on input line 68.

! Missing \endcsname inserted.
<to be read again> 
                   \protect 
l.68 ...li\_2022-06-02T17:51:03Z\_efficientformer}
                                                   and SnapFusion \cite{li\_...


Package natbib Warning: Citation `li\T1\textunderscore2022-06-02T17:51:03Z\T1\t
extunderscoreefficientformer' on page 2 undefined on input line 68.

! Missing \endcsname inserted.
<to be read again> 
                   \protect 
l.68 ...cite{li\_2023-06-01T17:59:25Z\_snapfusion}
                                                  , has concentrated on enha...


Package natbib Warning: Citation `li\T1\textunderscore2023-06-01T17:59:25Z\T1\t
extunderscoresnapfusion' on page 2 undefined on input line 68.

! Missing \endcsname inserted.
<to be read again> 
                   \protect 
l.68 ...mining, lewis\_2021-03-30T23:08:32Z\_base}
                                                   have provided insights in...


Package natbib Warning: Citation `zhang\T1\textunderscore2022-02-01T16:20:15Z\T
1\textunderscoreexamining' on page 2 undefined on input line 68.

! Missing \endcsname inserted.
<to be read again> 
                   \protect 
l.68 ...mining, lewis\_2021-03-30T23:08:32Z\_base}
                                                   have provided insights in...


Package natbib Warning: Citation `lewis\T1\textunderscore2021-03-30T23:08:32Z\T
1\textunderscorebase' on page 2 undefined on input line 68.

! Missing \endcsname inserted.
<to be read again> 
                   \protect 
l.72 ...\cite{fan\_2020-04-15T20:10:53Z\_training}
                                                  . Low\-rank adaptation met...


Package natbib Warning: Citation `fan\T1\textunderscore2020-04-15T20:10:53Z\T1\
textunderscoretraining' on page 2 undefined on input line 72.

! Missing \endcsname inserted.
<to be read again> 
                   \protect 
l.72 ...mahabadi\_2021-06-08T19:17:04Z\_compacter}
                                                  . Additionally, reinforcem...


Package natbib Warning: Citation `mahabadi\T1\textunderscore2021-06-08T19:17:04
Z\T1\textunderscorecompacter' on page 2 undefined on input line 72.

! Missing \endcsname inserted.
<to be read again> 
                   \protect 
l.72 ...te{zhang\_2022-02-01T16:20:15Z\_examining}
                                                  . The challenge of continu...


Package natbib Warning: Citation `zhang\T1\textunderscore2022-02-01T16:20:15Z\T
1\textunderscoreexamining' on page 2 undefined on input line 72.

! Missing \endcsname inserted.
<to be read again> 
                   \protect 
l.72 ... chaudhry\_2018-12-02T16:39:19Z\_lifelong}
                                                  . Our methodology views th...


Package natbib Warning: Citation `sun\T1\textunderscore2019\T1\textunderscorela
mol' on page 2 undefined on input line 72.

! Missing \endcsname inserted.
<to be read again> 
                   \protect 
l.72 ... chaudhry\_2018-12-02T16:39:19Z\_lifelong}
                                                  . Our methodology views th...


Package natbib Warning: Citation `chaudhry\T1\textunderscore2018-12-02T16:39:19
Z\T1\textunderscorelifelong' on page 2 undefined on input line 72.

! Missing \endcsname inserted.
<to be read again> 
                   \protect 
l.72 ...li\_2022-06-02T17:51:03Z\_efficientformer}
                                                  , enables dynamic resource...


Package natbib Warning: Citation `li\T1\textunderscore2022-06-02T17:51:03Z\T1\t
extunderscoreefficientformer' on page 2 undefined on input line 72.

! Missing \endcsname inserted.
<to be read again> 
                   \protect 
l.76 ...\cite{fan\_2020-04-15T20:10:53Z\_training}
                                                  .

Package natbib Warning: Citation `fan\T1\textunderscore2020-04-15T20:10:53Z\T1\
textunderscoretraining' on page 2 undefined on input line 76.

! Missing \endcsname inserted.
<to be read again> 
                   \protect 
l.78 ...mahabadi\_2021-06-08T19:17:04Z\_compacter}
                                                  .

Package natbib Warning: Citation `mahabadi\T1\textunderscore2021-06-08T19:17:04
Z\T1\textunderscorecompacter' on page 2 undefined on input line 78.

[2]
! Missing \endcsname inserted.
<to be read again> 
                   \protect 
l.80 ... chaudhry\_2018-12-02T16:39:19Z\_lifelong}
                                                   while extending them with...


Package natbib Warning: Citation `sun\T1\textunderscore2019\T1\textunderscorela
mol' on page 3 undefined on input line 80.

! Missing \endcsname inserted.
<to be read again> 
                   \protect 
l.80 ... chaudhry\_2018-12-02T16:39:19Z\_lifelong}
                                                   while extending them with...


Package natbib Warning: Citation `chaudhry\T1\textunderscore2018-12-02T16:39:19
Z\T1\textunderscorelifelong' on page 3 undefined on input line 80.

! Missing \endcsname inserted.
<to be read again> 
                   \protect 
l.108 ...15T20:10:53Z\_training, sun\_2019\_lamol}
                                                   and preliminary experimen...


Package natbib Warning: Citation `fan\T1\textunderscore2020-04-15T20:10:53Z\T1\
textunderscoretraining' on page 3 undefined on input line 108.

! Missing \endcsname inserted.
<to be read again> 
                   \protect 
l.108 ...15T20:10:53Z\_training, sun\_2019\_lamol}
                                                   and preliminary experimen...


Package natbib Warning: Citation `sun\T1\textunderscore2019\T1\textunderscorela
mol' on page 3 undefined on input line 108.

[3]
! Missing \endcsname inserted.
<to be read again> 
                   \protect 
l.114 ...cite{fan\_2020-04-15T20:10:53Z\_training}
                                                  .

Package natbib Warning: Citation `fan\T1\textunderscore2020-04-15T20:10:53Z\T1\
textunderscoretraining' on page 4 undefined on input line 114.


LaTeX Warning: File `images/performance.pdf' not found on input line 122.


! Package pdftex.def Error: File `images/performance.pdf' not found: using draf
t setting.

See the pdftex.def package documentation for explanation.
Type  H <return>  for immediate help.
 ...                                              
                                                  
l.122 ...th=0.7\linewidth]{images/performance.pdf}
                                                  
(/usr/share/texlive/texmf-dist/tex/latex/psnfss/t1pcr.fd)
Underfull \vbox (badness 10000) has occurred while \output is active [4]

Package natbib Warning: Citation `airas2025' on page 5 undefined on input line 
130.

No file paper.bbl.

Package natbib Warning: There were undefined citations.

[5] (./paper.aux)

LaTeX Warning: Label(s) may have changed. Rerun to get cross-references right.


Package rerunfilecheck Warning: File `paper.out' has changed.
(rerunfilecheck)                Rerun to get outlines right
(rerunfilecheck)                or use package `bookmark'.

 )
(see the transcript file for additional information)</usr/share/texlive/texmf-d
ist/fonts/type1/urw/courier/ucrr8a.pfb></usr/share/texlive/texmf-dist/fonts/typ
e1/urw/times/utmb8a.pfb></usr/share/texlive/texmf-dist/fonts/type1/urw/times/ut
mr8a.pfb>
Output written on paper.pdf (5 pages, 58879 bytes).
Transcript written on paper.log.
This is BibTeX, Version 0.99d (TeX Live 2023/Debian)
The top-level auxiliary file: paper.aux
White space in argument---line 5 of file paper.aux
 : \citation{sun\protect
 :                       \T1\textunderscore 2019\protect \T1\textunderscore lamol,chaudhry\protect \T1\textunderscore 2018-12-02T16:39:19Z\protect \T1\textunderscore lifelong}
I'm skipping whatever remains of this command
White space in argument---line 6 of file paper.aux
 : \citation{fan\protect
 :                       \T1\textunderscore 2020-04-15T20:10:53Z\protect \T1\textunderscore training}
I'm skipping whatever remains of this command
White space in argument---line 7 of file paper.aux
 : \citation{mahabadi\protect
 :                            \T1\textunderscore 2021-06-08T19:17:04Z\protect \T1\textunderscore compacter}
I'm skipping whatever remains of this command
White space in argument---line 11 of file paper.aux
 : \citation{sun\protect
 :                       \T1\textunderscore 2019\protect \T1\textunderscore lamol,chaudhry\protect \T1\textunderscore 2018-12-02T16:39:19Z\protect \T1\textunderscore lifelong}
I'm skipping whatever remains of this command
White space in argument---line 12 of file paper.aux
 : \citation{fan\protect
 :                       \T1\textunderscore 2020-04-15T20:10:53Z\protect \T1\textunderscore training}
I'm skipping whatever remains of this command
White space in argument---line 13 of file paper.aux
 : \citation{mahabadi\protect
 :                            \T1\textunderscore 2021-06-08T19:17:04Z\protect \T1\textunderscore compacter}
I'm skipping whatever remains of this command
White space in argument---line 14 of file paper.aux
 : \citation{sun\protect
 :                       \T1\textunderscore 2019\protect \T1\textunderscore lamol,chaudhry\protect \T1\textunderscore 2018-12-02T16:39:19Z\protect \T1\textunderscore lifelong}
I'm skipping whatever remains of this command
White space in argument---line 15 of file paper.aux
 : \citation{fan\protect
 :                       \T1\textunderscore 2020-04-15T20:10:53Z\protect \T1\textunderscore training}
I'm skipping whatever remains of this command
White space in argument---line 16 of file paper.aux
 : \citation{mahabadi\protect
 :                            \T1\textunderscore 2021-06-08T19:17:04Z\protect \T1\textunderscore compacter}
I'm skipping whatever remains of this command
White space in argument---line 17 of file paper.aux
 : \citation{li\protect
 :                      \T1\textunderscore 2022-06-02T17:51:03Z\protect \T1\textunderscore efficientformer}
I'm skipping whatever remains of this command
White space in argument---line 18 of file paper.aux
 : \citation{li\protect
 :                      \T1\textunderscore 2023-06-01T17:59:25Z\protect \T1\textunderscore snapfusion}
I'm skipping whatever remains of this command
White space in argument---line 19 of file paper.aux
 : \citation{zhang\protect
 :                         \T1\textunderscore 2022-02-01T16:20:15Z\protect \T1\textunderscore examining,lewis\protect \T1\textunderscore 2021-03-30T23:08:32Z\protect \T1\textunderscore base}
I'm skipping whatever remains of this command
White space in argument---line 20 of file paper.aux
 : \citation{fan\protect
 :                       \T1\textunderscore 2020-04-15T20:10:53Z\protect \T1\textunderscore training}
I'm skipping whatever remains of this command
White space in argument---line 21 of file paper.aux
 : \citation{mahabadi\protect
 :                            \T1\textunderscore 2021-06-08T19:17:04Z\protect \T1\textunderscore compacter}
I'm skipping whatever remains of this command
White space in argument---line 22 of file paper.aux
 : \citation{zhang\protect
 :                         \T1\textunderscore 2022-02-01T16:20:15Z\protect \T1\textunderscore examining}
I'm skipping whatever remains of this command
White space in argument---line 23 of file paper.aux
 : \citation{sun\protect
 :                       \T1\textunderscore 2019\protect \T1\textunderscore lamol,chaudhry\protect \T1\textunderscore 2018-12-02T16:39:19Z\protect \T1\textunderscore lifelong}
I'm skipping whatever remains of this command
White space in argument---line 24 of file paper.aux
 : \citation{li\protect
 :                      \T1\textunderscore 2022-06-02T17:51:03Z\protect \T1\textunderscore efficientformer}
I'm skipping whatever remains of this command
White space in argument---line 25 of file paper.aux
 : \citation{fan\protect
 :                       \T1\textunderscore 2020-04-15T20:10:53Z\protect \T1\textunderscore training}
I'm skipping whatever remains of this command
White space in argument---line 26 of file paper.aux
 : \citation{mahabadi\protect
 :                            \T1\textunderscore 2021-06-08T19:17:04Z\protect \T1\textunderscore compacter}
I'm skipping whatever remains of this command
White space in argument---line 36 of file paper.aux
 : \citation{sun\protect
 :                       \T1\textunderscore 2019\protect \T1\textunderscore lamol,chaudhry\protect \T1\textunderscore 2018-12-02T16:39:19Z\protect \T1\textunderscore lifelong}
I'm skipping whatever remains of this command
White space in argument---line 37 of file paper.aux
 : \citation{fan\protect
 :                       \T1\textunderscore 2020-04-15T20:10:53Z\protect \T1\textunderscore training,sun\protect \T1\textunderscore 2019\protect \T1\textunderscore lamol}
I'm skipping whatever remains of this command
White space in argument---line 41 of file paper.aux
 : \citation{fan\protect
 :                       \T1\textunderscore 2020-04-15T20:10:53Z\protect \T1\textunderscore training}
I'm skipping whatever remains of this command
The style file: iclr2024_conference.bst
Database file #1: references.bib
(There were 22 error messages)
This is pdfTeX, Version 3.141592653-2.6-1.40.25 (TeX Live 2023/Debian) (preloaded format=pdflatex)
 restricted \write18 enabled.
entering extended mode
(./paper.tex
LaTeX2e <2023-11-01> patch level 1
L3 programming layer <2024-01-22>
(/usr/share/texlive/texmf-dist/tex/latex/base/article.cls
Document Class: article 2023/05/17 v1.4n Standard LaTeX document class
(/usr/share/texlive/texmf-dist/tex/latex/base/size10.clo))
(./iclr2024_conference.sty
(/usr/share/texlive/texmf-dist/tex/latex/eso-pic/eso-pic.sty
(/usr/share/texlive/texmf-dist/tex/latex/graphics/keyval.sty)
(/usr/share/texlive/texmf-dist/tex/latex/xcolor/xcolor.sty
(/usr/share/texlive/texmf-dist/tex/latex/graphics-cfg/color.cfg)
(/usr/share/texlive/texmf-dist/tex/latex/graphics-def/pdftex.def)
(/usr/share/texlive/texmf-dist/tex/latex/graphics/mathcolor.ltx)))
(./fancyhdr.sty) (./natbib.sty))
(/usr/share/texlive/texmf-dist/tex/latex/psnfss/times.sty)
(/usr/share/texlive/texmf-dist/tex/latex/base/inputenc.sty)
(/usr/share/texlive/texmf-dist/tex/latex/base/fontenc.sty
(/usr/share/texlive/texmf-dist/tex/latex/psnfss/t1ptm.fd))
(/usr/share/texlive/texmf-dist/tex/latex/hyperref/hyperref.sty
(/usr/share/texlive/texmf-dist/tex/generic/iftex/iftex.sty)
(/usr/share/texlive/texmf-dist/tex/latex/kvsetkeys/kvsetkeys.sty)
(/usr/share/texlive/texmf-dist/tex/generic/kvdefinekeys/kvdefinekeys.sty)
(/usr/share/texlive/texmf-dist/tex/generic/pdfescape/pdfescape.sty
(/usr/share/texlive/texmf-dist/tex/generic/ltxcmds/ltxcmds.sty)
(/usr/share/texlive/texmf-dist/tex/generic/pdftexcmds/pdftexcmds.sty
(/usr/share/texlive/texmf-dist/tex/generic/infwarerr/infwarerr.sty)))
(/usr/share/texlive/texmf-dist/tex/latex/hycolor/hycolor.sty)
(/usr/share/texlive/texmf-dist/tex/latex/auxhook/auxhook.sty)
(/usr/share/texlive/texmf-dist/tex/latex/hyperref/nameref.sty
(/usr/share/texlive/texmf-dist/tex/latex/refcount/refcount.sty)
(/usr/share/texlive/texmf-dist/tex/generic/gettitlestring/gettitlestring.sty
(/usr/share/texlive/texmf-dist/tex/latex/kvoptions/kvoptions.sty)))
(/usr/share/texlive/texmf-dist/tex/latex/etoolbox/etoolbox.sty)
(/usr/share/texlive/texmf-dist/tex/latex/hyperref/pd1enc.def)
(/usr/share/texlive/texmf-dist/tex/generic/intcalc/intcalc.sty)
(/usr/share/texlive/texmf-dist/tex/latex/hyperref/puenc.def)
(/usr/share/texlive/texmf-dist/tex/latex/url/url.sty)
(/usr/share/texlive/texmf-dist/tex/generic/bitset/bitset.sty
(/usr/share/texlive/texmf-dist/tex/generic/bigintcalc/bigintcalc.sty))
(/usr/share/texlive/texmf-dist/tex/latex/base/atbegshi-ltx.sty))
(/usr/share/texlive/texmf-dist/tex/latex/hyperref/hpdftex.def
(/usr/share/texlive/texmf-dist/tex/latex/base/atveryend-ltx.sty)
(/usr/share/texlive/texmf-dist/tex/latex/rerunfilecheck/rerunfilecheck.sty
(/usr/share/texlive/texmf-dist/tex/generic/uniquecounter/uniquecounter.sty)))
(/usr/share/texlive/texmf-dist/tex/latex/booktabs/booktabs.sty)
(/usr/share/texlive/texmf-dist/tex/latex/amsfonts/amsfonts.sty)
(/usr/share/texlive/texmf-dist/tex/latex/units/nicefrac.sty
(/usr/share/texlive/texmf-dist/tex/latex/base/ifthen.sty))
(/usr/share/texlive/texmf-dist/tex/latex/microtype/microtype.sty
(/usr/share/texlive/texmf-dist/tex/latex/microtype/microtype-pdftex.def)
(/usr/share/texlive/texmf-dist/tex/latex/microtype/microtype.cfg))
(/usr/share/texlive/texmf-dist/tex/latex/titlesec/titletoc.sty)
(/usr/share/texlive/texmf-dist/tex/latex/caption/subcaption.sty
(/usr/share/texlive/texmf-dist/tex/latex/caption/caption.sty
(/usr/share/texlive/texmf-dist/tex/latex/caption/caption3.sty)))
(/usr/share/texlive/texmf-dist/tex/latex/graphics/graphicx.sty
(/usr/share/texlive/texmf-dist/tex/latex/graphics/graphics.sty
(/usr/share/texlive/texmf-dist/tex/latex/graphics/trig.sty)
(/usr/share/texlive/texmf-dist/tex/latex/graphics-cfg/graphics.cfg)))
(/usr/share/texlive/texmf-dist/tex/latex/amsmath/amsmath.sty
For additional information on amsmath, use the `?' option.
(/usr/share/texlive/texmf-dist/tex/latex/amsmath/amstext.sty
(/usr/share/texlive/texmf-dist/tex/latex/amsmath/amsgen.sty))
(/usr/share/texlive/texmf-dist/tex/latex/amsmath/amsbsy.sty)
(/usr/share/texlive/texmf-dist/tex/latex/amsmath/amsopn.sty))
(/usr/share/texlive/texmf-dist/tex/latex/multirow/multirow.sty)
(/usr/share/texlive/texmf-dist/tex/latex/colortbl/colortbl.sty
(/usr/share/texlive/texmf-dist/tex/latex/tools/array.sty))
(/usr/share/texlive/texmf-dist/tex/latex/cleveref/cleveref.sty)
(/usr/share/texlive/texmf-dist/tex/latex/algorithms/algorithm.sty
(/usr/share/texlive/texmf-dist/tex/latex/float/float.sty))
(/usr/share/texlive/texmf-dist/tex/latex/algorithmicx/algorithmicx.sty
Document Style algorithmicx 1.2 - a greatly improved `algorithmic' style
) (/usr/share/texlive/texmf-dist/tex/latex/algorithmicx/algpseudocode.sty
Document Style - pseudocode environments for use with the `algorithmicx' style
) (/usr/share/texlive/texmf-dist/tex/latex/pgf/frontendlayer/tikz.sty
(/usr/share/texlive/texmf-dist/tex/latex/pgf/basiclayer/pgf.sty
(/usr/share/texlive/texmf-dist/tex/latex/pgf/utilities/pgfrcs.sty
(/usr/share/texlive/texmf-dist/tex/generic/pgf/utilities/pgfutil-common.tex)
(/usr/share/texlive/texmf-dist/tex/generic/pgf/utilities/pgfutil-latex.def)
(/usr/share/texlive/texmf-dist/tex/generic/pgf/utilities/pgfrcs.code.tex
(/usr/share/texlive/texmf-dist/tex/generic/pgf/pgf.revision.tex)))
(/usr/share/texlive/texmf-dist/tex/latex/pgf/basiclayer/pgfcore.sty
(/usr/share/texlive/texmf-dist/tex/latex/pgf/systemlayer/pgfsys.sty
(/usr/share/texlive/texmf-dist/tex/generic/pgf/systemlayer/pgfsys.code.tex
(/usr/share/texlive/texmf-dist/tex/generic/pgf/utilities/pgfkeys.code.tex
(/usr/share/texlive/texmf-dist/tex/generic/pgf/utilities/pgfkeyslibraryfiltered
.code.tex)) (/usr/share/texlive/texmf-dist/tex/generic/pgf/systemlayer/pgf.cfg)
(/usr/share/texlive/texmf-dist/tex/generic/pgf/systemlayer/pgfsys-pdftex.def
(/usr/share/texlive/texmf-dist/tex/generic/pgf/systemlayer/pgfsys-common-pdf.de
f)))
(/usr/share/texlive/texmf-dist/tex/generic/pgf/systemlayer/pgfsyssoftpath.code.
tex)
(/usr/share/texlive/texmf-dist/tex/generic/pgf/systemlayer/pgfsysprotocol.code.
tex))
(/usr/share/texlive/texmf-dist/tex/generic/pgf/basiclayer/pgfcore.code.tex
(/usr/share/texlive/texmf-dist/tex/generic/pgf/math/pgfmath.code.tex
(/usr/share/texlive/texmf-dist/tex/generic/pgf/math/pgfmathutil.code.tex)
(/usr/share/texlive/texmf-dist/tex/generic/pgf/math/pgfmathparser.code.tex)
(/usr/share/texlive/texmf-dist/tex/generic/pgf/math/pgfmathfunctions.code.tex)
(/usr/share/texlive/texmf-dist/tex/generic/pgf/math/pgfmathfunctions.basic.code
.tex)
(/usr/share/texlive/texmf-dist/tex/generic/pgf/math/pgfmathfunctions.trigonomet
ric.code.tex)
(/usr/share/texlive/texmf-dist/tex/generic/pgf/math/pgfmathfunctions.random.cod
e.tex)
(/usr/share/texlive/texmf-dist/tex/generic/pgf/math/pgfmathfunctions.comparison
.code.tex)
(/usr/share/texlive/texmf-dist/tex/generic/pgf/math/pgfmathfunctions.base.code.
tex)
(/usr/share/texlive/texmf-dist/tex/generic/pgf/math/pgfmathfunctions.round.code
.tex)
(/usr/share/texlive/texmf-dist/tex/generic/pgf/math/pgfmathfunctions.misc.code.
tex)
(/usr/share/texlive/texmf-dist/tex/generic/pgf/math/pgfmathfunctions.integerari
thmetics.code.tex)
(/usr/share/texlive/texmf-dist/tex/generic/pgf/math/pgfmathcalc.code.tex)
(/usr/share/texlive/texmf-dist/tex/generic/pgf/math/pgfmathfloat.code.tex))
(/usr/share/texlive/texmf-dist/tex/generic/pgf/math/pgfint.code.tex)
(/usr/share/texlive/texmf-dist/tex/generic/pgf/basiclayer/pgfcorepoints.code.te
x)
(/usr/share/texlive/texmf-dist/tex/generic/pgf/basiclayer/pgfcorepathconstruct.
code.tex)
(/usr/share/texlive/texmf-dist/tex/generic/pgf/basiclayer/pgfcorepathusage.code
.tex)
(/usr/share/texlive/texmf-dist/tex/generic/pgf/basiclayer/pgfcorescopes.code.te
x)
(/usr/share/texlive/texmf-dist/tex/generic/pgf/basiclayer/pgfcoregraphicstate.c
ode.tex)
(/usr/share/texlive/texmf-dist/tex/generic/pgf/basiclayer/pgfcoretransformation
s.code.tex)
(/usr/share/texlive/texmf-dist/tex/generic/pgf/basiclayer/pgfcorequick.code.tex
)
(/usr/share/texlive/texmf-dist/tex/generic/pgf/basiclayer/pgfcoreobjects.code.t
ex)
(/usr/share/texlive/texmf-dist/tex/generic/pgf/basiclayer/pgfcorepathprocessing
.code.tex)
(/usr/share/texlive/texmf-dist/tex/generic/pgf/basiclayer/pgfcorearrows.code.te
x)
(/usr/share/texlive/texmf-dist/tex/generic/pgf/basiclayer/pgfcoreshade.code.tex
)
(/usr/share/texlive/texmf-dist/tex/generic/pgf/basiclayer/pgfcoreimage.code.tex
)
(/usr/share/texlive/texmf-dist/tex/generic/pgf/basiclayer/pgfcoreexternal.code.
tex)
(/usr/share/texlive/texmf-dist/tex/generic/pgf/basiclayer/pgfcorelayers.code.te
x)
(/usr/share/texlive/texmf-dist/tex/generic/pgf/basiclayer/pgfcoretransparency.c
ode.tex)
(/usr/share/texlive/texmf-dist/tex/generic/pgf/basiclayer/pgfcorepatterns.code.
tex)
(/usr/share/texlive/texmf-dist/tex/generic/pgf/basiclayer/pgfcorerdf.code.tex))
)
(/usr/share/texlive/texmf-dist/tex/generic/pgf/modules/pgfmoduleshapes.code.tex
) (/usr/share/texlive/texmf-dist/tex/generic/pgf/modules/pgfmoduleplot.code.tex
)
(/usr/share/texlive/texmf-dist/tex/latex/pgf/compatibility/pgfcomp-version-0-65
.sty)
(/usr/share/texlive/texmf-dist/tex/latex/pgf/compatibility/pgfcomp-version-1-18
.sty)) (/usr/share/texlive/texmf-dist/tex/latex/pgf/utilities/pgffor.sty
(/usr/share/texlive/texmf-dist/tex/latex/pgf/utilities/pgfkeys.sty
(/usr/share/texlive/texmf-dist/tex/generic/pgf/utilities/pgfkeys.code.tex))
(/usr/share/texlive/texmf-dist/tex/latex/pgf/math/pgfmath.sty
(/usr/share/texlive/texmf-dist/tex/generic/pgf/math/pgfmath.code.tex))
(/usr/share/texlive/texmf-dist/tex/generic/pgf/utilities/pgffor.code.tex))
(/usr/share/texlive/texmf-dist/tex/generic/pgf/frontendlayer/tikz/tikz.code.tex

(/usr/share/texlive/texmf-dist/tex/generic/pgf/libraries/pgflibraryplothandlers
.code.tex)
(/usr/share/texlive/texmf-dist/tex/generic/pgf/modules/pgfmodulematrix.code.tex
)
(/usr/share/texlive/texmf-dist/tex/generic/pgf/frontendlayer/tikz/libraries/tik
zlibrarytopaths.code.tex)))
(/usr/share/texlive/texmf-dist/tex/latex/pgfplots/pgfplots.sty
(/usr/share/texlive/texmf-dist/tex/generic/pgfplots/pgfplots.revision.tex)
(/usr/share/texlive/texmf-dist/tex/generic/pgfplots/pgfplots.code.tex
(/usr/share/texlive/texmf-dist/tex/generic/pgfplots/pgfplotscore.code.tex
(/usr/share/texlive/texmf-dist/tex/generic/pgfplots/sys/pgfplotssysgeneric.code
.tex))
(/usr/share/texlive/texmf-dist/tex/generic/pgfplots/libs/pgfplotslibrary.code.t
ex)
(/usr/share/texlive/texmf-dist/tex/generic/pgfplots/oldpgfcompatib/pgfplotsoldp
gfsupp_loader.code.tex
(/usr/share/texlive/texmf-dist/tex/generic/pgf/libraries/pgflibraryfpu.code.tex
)
Package pgfplots: loading complementary utilities for your pgf version...

(/usr/share/texlive/texmf-dist/tex/generic/pgfplots/oldpgfcompatib/pgfplotsoldp
gfsupp_pgfutil-common-lists.tex))
(/usr/share/texlive/texmf-dist/tex/generic/pgfplots/util/pgfplotsutil.code.tex
(/usr/share/texlive/texmf-dist/tex/generic/pgfplots/liststructure/pgfplotslists
tructure.code.tex)
(/usr/share/texlive/texmf-dist/tex/generic/pgfplots/liststructure/pgfplotslists
tructureext.code.tex)
(/usr/share/texlive/texmf-dist/tex/generic/pgfplots/liststructure/pgfplotsarray
.code.tex)
(/usr/share/texlive/texmf-dist/tex/generic/pgfplots/liststructure/pgfplotsmatri
x.code.tex)
(/usr/share/texlive/texmf-dist/tex/generic/pgfplots/numtable/pgfplotstableshare
d.code.tex)
(/usr/share/texlive/texmf-dist/tex/generic/pgfplots/liststructure/pgfplotsdeque
.code.tex)
(/usr/share/texlive/texmf-dist/tex/generic/pgfplots/util/pgfplotsbinary.code.te
x
(/usr/share/texlive/texmf-dist/tex/generic/pgfplots/util/pgfplotsbinary.data.co
de.tex))
(/usr/share/texlive/texmf-dist/tex/generic/pgfplots/util/pgfplotsutil.verb.code
.tex)
(/usr/share/texlive/texmf-dist/tex/generic/pgfplots/libs/pgflibrarypgfplots.sur
fshading.code.tex
(/usr/share/texlive/texmf-dist/tex/generic/pgfplots/sys/pgflibrarypgfplots.surf
shading.pgfsys-pdftex.def)))
(/usr/share/texlive/texmf-dist/tex/generic/pgfplots/util/pgfplotscolormap.code.
tex
(/usr/share/texlive/texmf-dist/tex/generic/pgfplots/util/pgfplotscolor.code.tex
))
(/usr/share/texlive/texmf-dist/tex/generic/pgfplots/pgfplotsstackedplots.code.t
ex)
(/usr/share/texlive/texmf-dist/tex/generic/pgfplots/pgfplotsplothandlers.code.t
ex
(/usr/share/texlive/texmf-dist/tex/generic/pgfplots/pgfplotsmeshplothandler.cod
e.tex
(/usr/share/texlive/texmf-dist/tex/generic/pgfplots/pgfplotsmeshplotimage.code.
tex)))
(/usr/share/texlive/texmf-dist/tex/generic/pgfplots/pgfplots.scaling.code.tex)
(/usr/share/texlive/texmf-dist/tex/generic/pgfplots/pgfplotscoordprocessing.cod
e.tex)
(/usr/share/texlive/texmf-dist/tex/generic/pgfplots/pgfplots.errorbars.code.tex
) (/usr/share/texlive/texmf-dist/tex/generic/pgfplots/pgfplots.markers.code.tex
) (/usr/share/texlive/texmf-dist/tex/generic/pgfplots/pgfplotsticks.code.tex)
(/usr/share/texlive/texmf-dist/tex/generic/pgfplots/pgfplots.paths.code.tex)
(/usr/share/texlive/texmf-dist/tex/generic/pgf/frontendlayer/tikz/libraries/tik
zlibrarydecorations.code.tex
(/usr/share/texlive/texmf-dist/tex/generic/pgf/modules/pgfmoduledecorations.cod
e.tex))
(/usr/share/texlive/texmf-dist/tex/generic/pgf/frontendlayer/tikz/libraries/tik
zlibrarydecorations.pathmorphing.code.tex
(/usr/share/texlive/texmf-dist/tex/generic/pgf/libraries/decorations/pgflibrary
decorations.pathmorphing.code.tex))
(/usr/share/texlive/texmf-dist/tex/generic/pgf/frontendlayer/tikz/libraries/tik
zlibrarydecorations.pathreplacing.code.tex
(/usr/share/texlive/texmf-dist/tex/generic/pgf/libraries/decorations/pgflibrary
decorations.pathreplacing.code.tex))
(/usr/share/texlive/texmf-dist/tex/generic/pgfplots/libs/tikzlibrarypgfplots.co
ntourlua.code.tex))
(/usr/share/texlive/texmf-dist/tex/generic/pgf/frontendlayer/tikz/libraries/tik
zlibraryplotmarks.code.tex
(/usr/share/texlive/texmf-dist/tex/generic/pgf/libraries/pgflibraryplotmarks.co
de.tex))) (/usr/share/texlive/texmf-dist/tex/latex/tools/tabularx.sty)
(/usr/share/texlive/texmf-dist/tex/latex/l3backend/l3backend-pdftex.def)
(./paper.aux)
(/usr/share/texlive/texmf-dist/tex/context/base/mkii/supp-pdf.mkii
[Loading MPS to PDF converter (version 2006.09.02).]
) (/usr/share/texlive/texmf-dist/tex/latex/epstopdf-pkg/epstopdf-base.sty
(/usr/share/texlive/texmf-dist/tex/latex/latexconfig/epstopdf-sys.cfg))
(./paper.out) (./paper.out)
(/usr/share/texlive/texmf-dist/tex/latex/microtype/mt-ptm.cfg)
Package pgfplots notification 'compat/show suggested version=true': document ha
s been generated with the most recent feature set (\pgfplotsset{compat=1.18}).

(/usr/share/texlive/texmf-dist/tex/latex/microtype/mt-cmr.cfg)
(/usr/share/texlive/texmf-dist/tex/latex/amsfonts/umsa.fd)
(/usr/share/texlive/texmf-dist/tex/latex/microtype/mt-msa.cfg)
(/usr/share/texlive/texmf-dist/tex/latex/amsfonts/umsb.fd)
(/usr/share/texlive/texmf-dist/tex/latex/microtype/mt-msb.cfg)
! Missing \endcsname inserted.
<to be read again> 
                   \protect 
l.50 ... chaudhry\_2018-12-02T16:39:19Z\_lifelong}
                                                  , quantization robust trai...


Package natbib Warning: Citation `sun\T1\textunderscore2019\T1\textunderscorela
mol' on page 1 undefined on input line 50.

! Missing \endcsname inserted.
<to be read again> 
                   \protect 
l.50 ... chaudhry\_2018-12-02T16:39:19Z\_lifelong}
                                                  , quantization robust trai...


Package natbib Warning: Citation `chaudhry\T1\textunderscore2018-12-02T16:39:19
Z\T1\textunderscorelifelong' on page 1 undefined on input line 50.

! Missing \endcsname inserted.
<to be read again> 
                   \protect 
l.50 ...\cite{fan\_2020-04-15T20:10:53Z\_training}
                                                   and parameter\-efficient ...


Package natbib Warning: Citation `fan\T1\textunderscore2020-04-15T20:10:53Z\T1\
textunderscoretraining' on page 1 undefined on input line 50.

! Missing \endcsname inserted.
<to be read again> 
                   \protect 
l.50 ...mahabadi\_2021-06-08T19:17:04Z\_compacter}
                                                  . This work lays the groun...


Package natbib Warning: Citation `mahabadi\T1\textunderscore2021-06-08T19:17:04
Z\T1\textunderscorecompacter' on page 1 undefined on input line 50.

(/usr/share/texlive/texmf-dist/tex/latex/psnfss/ts1ptm.fd) [1{/var/lib/texmf/fo
nts/map/pdftex/updmap/pdftex.map}{/usr/share/texlive/texmf-dist/fonts/enc/dvips
/base/8r.enc}]
! Missing \endcsname inserted.
<to be read again> 
                   \protect 
l.64 ... chaudhry\_2018-12-02T16:39:19Z\_lifelong}
                                                  , quantization robust trai...


Package natbib Warning: Citation `sun\T1\textunderscore2019\T1\textunderscorela
mol' on page 2 undefined on input line 64.

! Missing \endcsname inserted.
<to be read again> 
                   \protect 
l.64 ... chaudhry\_2018-12-02T16:39:19Z\_lifelong}
                                                  , quantization robust trai...


Package natbib Warning: Citation `chaudhry\T1\textunderscore2018-12-02T16:39:19
Z\T1\textunderscorelifelong' on page 2 undefined on input line 64.

! Missing \endcsname inserted.
<to be read again> 
                   \protect 
l.64 ...\cite{fan\_2020-04-15T20:10:53Z\_training}
                                                  , and efficient module ada...


Package natbib Warning: Citation `fan\T1\textunderscore2020-04-15T20:10:53Z\T1\
textunderscoretraining' on page 2 undefined on input line 64.

! Missing \endcsname inserted.
<to be read again> 
                   \protect 
l.64 ...mahabadi\_2021-06-08T19:17:04Z\_compacter}
                                                   and represents an importa...


Package natbib Warning: Citation `mahabadi\T1\textunderscore2021-06-08T19:17:04
Z\T1\textunderscorecompacter' on page 2 undefined on input line 64.

! Missing \endcsname inserted.
<to be read again> 
                   \protect 
l.68 ... chaudhry\_2018-12-02T16:39:19Z\_lifelong}
                                                  . Although these approache...


Package natbib Warning: Citation `sun\T1\textunderscore2019\T1\textunderscorela
mol' on page 2 undefined on input line 68.

! Missing \endcsname inserted.
<to be read again> 
                   \protect 
l.68 ... chaudhry\_2018-12-02T16:39:19Z\_lifelong}
                                                  . Although these approache...


Package natbib Warning: Citation `chaudhry\T1\textunderscore2018-12-02T16:39:19
Z\T1\textunderscorelifelong' on page 2 undefined on input line 68.

! Missing \endcsname inserted.
<to be read again> 
                   \protect 
l.68 ...\cite{fan\_2020-04-15T20:10:53Z\_training}
                                                  . However, such methods ar...


Package natbib Warning: Citation `fan\T1\textunderscore2020-04-15T20:10:53Z\T1\
textunderscoretraining' on page 2 undefined on input line 68.

! Missing \endcsname inserted.
<to be read again> 
                   \protect 
l.68 ...mahabadi\_2021-06-08T19:17:04Z\_compacter}
                                                  , exploit low\-rank factor...


Package natbib Warning: Citation `mahabadi\T1\textunderscore2021-06-08T19:17:04
Z\T1\textunderscorecompacter' on page 2 undefined on input line 68.

! Missing \endcsname inserted.
<to be read again> 
                   \protect 
l.68 ...li\_2022-06-02T17:51:03Z\_efficientformer}
                                                   and SnapFusion \cite{li\_...


Package natbib Warning: Citation `li\T1\textunderscore2022-06-02T17:51:03Z\T1\t
extunderscoreefficientformer' on page 2 undefined on input line 68.

! Missing \endcsname inserted.
<to be read again> 
                   \protect 
l.68 ...cite{li\_2023-06-01T17:59:25Z\_snapfusion}
                                                  , has concentrated on enha...


Package natbib Warning: Citation `li\T1\textunderscore2023-06-01T17:59:25Z\T1\t
extunderscoresnapfusion' on page 2 undefined on input line 68.

! Missing \endcsname inserted.
<to be read again> 
                   \protect 
l.68 ...mining, lewis\_2021-03-30T23:08:32Z\_base}
                                                   have provided insights in...


Package natbib Warning: Citation `zhang\T1\textunderscore2022-02-01T16:20:15Z\T
1\textunderscoreexamining' on page 2 undefined on input line 68.

! Missing \endcsname inserted.
<to be read again> 
                   \protect 
l.68 ...mining, lewis\_2021-03-30T23:08:32Z\_base}
                                                   have provided insights in...


Package natbib Warning: Citation `lewis\T1\textunderscore2021-03-30T23:08:32Z\T
1\textunderscorebase' on page 2 undefined on input line 68.

! Missing \endcsname inserted.
<to be read again> 
                   \protect 
l.72 ...\cite{fan\_2020-04-15T20:10:53Z\_training}
                                                  . Low\-rank adaptation met...


Package natbib Warning: Citation `fan\T1\textunderscore2020-04-15T20:10:53Z\T1\
textunderscoretraining' on page 2 undefined on input line 72.

! Missing \endcsname inserted.
<to be read again> 
                   \protect 
l.72 ...mahabadi\_2021-06-08T19:17:04Z\_compacter}
                                                  . Additionally, reinforcem...


Package natbib Warning: Citation `mahabadi\T1\textunderscore2021-06-08T19:17:04
Z\T1\textunderscorecompacter' on page 2 undefined on input line 72.

! Missing \endcsname inserted.
<to be read again> 
                   \protect 
l.72 ...te{zhang\_2022-02-01T16:20:15Z\_examining}
                                                  . The challenge of continu...


Package natbib Warning: Citation `zhang\T1\textunderscore2022-02-01T16:20:15Z\T
1\textunderscoreexamining' on page 2 undefined on input line 72.

! Missing \endcsname inserted.
<to be read again> 
                   \protect 
l.72 ... chaudhry\_2018-12-02T16:39:19Z\_lifelong}
                                                  . Our methodology views th...


Package natbib Warning: Citation `sun\T1\textunderscore2019\T1\textunderscorela
mol' on page 2 undefined on input line 72.

! Missing \endcsname inserted.
<to be read again> 
                   \protect 
l.72 ... chaudhry\_2018-12-02T16:39:19Z\_lifelong}
                                                  . Our methodology views th...


Package natbib Warning: Citation `chaudhry\T1\textunderscore2018-12-02T16:39:19
Z\T1\textunderscorelifelong' on page 2 undefined on input line 72.

! Missing \endcsname inserted.
<to be read again> 
                   \protect 
l.72 ...li\_2022-06-02T17:51:03Z\_efficientformer}
                                                  , enables dynamic resource...


Package natbib Warning: Citation `li\T1\textunderscore2022-06-02T17:51:03Z\T1\t
extunderscoreefficientformer' on page 2 undefined on input line 72.

! Missing \endcsname inserted.
<to be read again> 
                   \protect 
l.76 ...\cite{fan\_2020-04-15T20:10:53Z\_training}
                                                  .

Package natbib Warning: Citation `fan\T1\textunderscore2020-04-15T20:10:53Z\T1\
textunderscoretraining' on page 2 undefined on input line 76.

! Missing \endcsname inserted.
<to be read again> 
                   \protect 
l.78 ...mahabadi\_2021-06-08T19:17:04Z\_compacter}
                                                  .

Package natbib Warning: Citation `mahabadi\T1\textunderscore2021-06-08T19:17:04
Z\T1\textunderscorecompacter' on page 2 undefined on input line 78.

[2]
! Missing \endcsname inserted.
<to be read again> 
                   \protect 
l.80 ... chaudhry\_2018-12-02T16:39:19Z\_lifelong}
                                                   while extending them with...


Package natbib Warning: Citation `sun\T1\textunderscore2019\T1\textunderscorela
mol' on page 3 undefined on input line 80.

! Missing \endcsname inserted.
<to be read again> 
                   \protect 
l.80 ... chaudhry\_2018-12-02T16:39:19Z\_lifelong}
                                                   while extending them with...


Package natbib Warning: Citation `chaudhry\T1\textunderscore2018-12-02T16:39:19
Z\T1\textunderscorelifelong' on page 3 undefined on input line 80.

! Missing \endcsname inserted.
<to be read again> 
                   \protect 
l.108 ...15T20:10:53Z\_training, sun\_2019\_lamol}
                                                   and preliminary experimen...


Package natbib Warning: Citation `fan\T1\textunderscore2020-04-15T20:10:53Z\T1\
textunderscoretraining' on page 3 undefined on input line 108.

! Missing \endcsname inserted.
<to be read again> 
                   \protect 
l.108 ...15T20:10:53Z\_training, sun\_2019\_lamol}
                                                   and preliminary experimen...


Package natbib Warning: Citation `sun\T1\textunderscore2019\T1\textunderscorela
mol' on page 3 undefined on input line 108.

[3]
! Missing \endcsname inserted.
<to be read again> 
                   \protect 
l.114 ...cite{fan\_2020-04-15T20:10:53Z\_training}
                                                  .

Package natbib Warning: Citation `fan\T1\textunderscore2020-04-15T20:10:53Z\T1\
textunderscoretraining' on page 4 undefined on input line 114.


LaTeX Warning: File `images/performance.pdf' not found on input line 122.


! Package pdftex.def Error: File `images/performance.pdf' not found: using draf
t setting.

See the pdftex.def package documentation for explanation.
Type  H <return>  for immediate help.
 ...                                              
                                                  
l.122 ...th=0.7\linewidth]{images/performance.pdf}
                                                  
(/usr/share/texlive/texmf-dist/tex/latex/psnfss/t1pcr.fd)
Underfull \vbox (badness 10000) has occurred while \output is active [4]

Package natbib Warning: Citation `airas2025' on page 5 undefined on input line 
130.

(./paper.bbl)

Package natbib Warning: There were undefined citations.

[5] (./paper.aux

Package natbib Warning: Citation(s) may have changed.
(natbib)                Rerun to get citations correct.

) )
(see the transcript file for additional information)</usr/share/texlive/texmf-d
ist/fonts/type1/urw/courier/ucrr8a.pfb></usr/share/texlive/texmf-dist/fonts/typ
e1/urw/times/utmb8a.pfb></usr/share/texlive/texmf-dist/fonts/type1/urw/times/ut
mr8a.pfb>
Output written on paper.pdf (5 pages, 60624 bytes).
Transcript written on paper.log.
This is pdfTeX, Version 3.141592653-2.6-1.40.25 (TeX Live 2023/Debian) (preloaded format=pdflatex)
 restricted \write18 enabled.
entering extended mode
(./paper.tex
LaTeX2e <2023-11-01> patch level 1
L3 programming layer <2024-01-22>
(/usr/share/texlive/texmf-dist/tex/latex/base/article.cls
Document Class: article 2023/05/17 v1.4n Standard LaTeX document class
(/usr/share/texlive/texmf-dist/tex/latex/base/size10.clo))
(./iclr2024_conference.sty
(/usr/share/texlive/texmf-dist/tex/latex/eso-pic/eso-pic.sty
(/usr/share/texlive/texmf-dist/tex/latex/graphics/keyval.sty)
(/usr/share/texlive/texmf-dist/tex/latex/xcolor/xcolor.sty
(/usr/share/texlive/texmf-dist/tex/latex/graphics-cfg/color.cfg)
(/usr/share/texlive/texmf-dist/tex/latex/graphics-def/pdftex.def)
(/usr/share/texlive/texmf-dist/tex/latex/graphics/mathcolor.ltx)))
(./fancyhdr.sty) (./natbib.sty))
(/usr/share/texlive/texmf-dist/tex/latex/psnfss/times.sty)
(/usr/share/texlive/texmf-dist/tex/latex/base/inputenc.sty)
(/usr/share/texlive/texmf-dist/tex/latex/base/fontenc.sty
(/usr/share/texlive/texmf-dist/tex/latex/psnfss/t1ptm.fd))
(/usr/share/texlive/texmf-dist/tex/latex/hyperref/hyperref.sty
(/usr/share/texlive/texmf-dist/tex/generic/iftex/iftex.sty)
(/usr/share/texlive/texmf-dist/tex/latex/kvsetkeys/kvsetkeys.sty)
(/usr/share/texlive/texmf-dist/tex/generic/kvdefinekeys/kvdefinekeys.sty)
(/usr/share/texlive/texmf-dist/tex/generic/pdfescape/pdfescape.sty
(/usr/share/texlive/texmf-dist/tex/generic/ltxcmds/ltxcmds.sty)
(/usr/share/texlive/texmf-dist/tex/generic/pdftexcmds/pdftexcmds.sty
(/usr/share/texlive/texmf-dist/tex/generic/infwarerr/infwarerr.sty)))
(/usr/share/texlive/texmf-dist/tex/latex/hycolor/hycolor.sty)
(/usr/share/texlive/texmf-dist/tex/latex/auxhook/auxhook.sty)
(/usr/share/texlive/texmf-dist/tex/latex/hyperref/nameref.sty
(/usr/share/texlive/texmf-dist/tex/latex/refcount/refcount.sty)
(/usr/share/texlive/texmf-dist/tex/generic/gettitlestring/gettitlestring.sty
(/usr/share/texlive/texmf-dist/tex/latex/kvoptions/kvoptions.sty)))
(/usr/share/texlive/texmf-dist/tex/latex/etoolbox/etoolbox.sty)
(/usr/share/texlive/texmf-dist/tex/latex/hyperref/pd1enc.def)
(/usr/share/texlive/texmf-dist/tex/generic/intcalc/intcalc.sty)
(/usr/share/texlive/texmf-dist/tex/latex/hyperref/puenc.def)
(/usr/share/texlive/texmf-dist/tex/latex/url/url.sty)
(/usr/share/texlive/texmf-dist/tex/generic/bitset/bitset.sty
(/usr/share/texlive/texmf-dist/tex/generic/bigintcalc/bigintcalc.sty))
(/usr/share/texlive/texmf-dist/tex/latex/base/atbegshi-ltx.sty))
(/usr/share/texlive/texmf-dist/tex/latex/hyperref/hpdftex.def
(/usr/share/texlive/texmf-dist/tex/latex/base/atveryend-ltx.sty)
(/usr/share/texlive/texmf-dist/tex/latex/rerunfilecheck/rerunfilecheck.sty
(/usr/share/texlive/texmf-dist/tex/generic/uniquecounter/uniquecounter.sty)))
(/usr/share/texlive/texmf-dist/tex/latex/booktabs/booktabs.sty)
(/usr/share/texlive/texmf-dist/tex/latex/amsfonts/amsfonts.sty)
(/usr/share/texlive/texmf-dist/tex/latex/units/nicefrac.sty
(/usr/share/texlive/texmf-dist/tex/latex/base/ifthen.sty))
(/usr/share/texlive/texmf-dist/tex/latex/microtype/microtype.sty
(/usr/share/texlive/texmf-dist/tex/latex/microtype/microtype-pdftex.def)
(/usr/share/texlive/texmf-dist/tex/latex/microtype/microtype.cfg))
(/usr/share/texlive/texmf-dist/tex/latex/titlesec/titletoc.sty)
(/usr/share/texlive/texmf-dist/tex/latex/caption/subcaption.sty
(/usr/share/texlive/texmf-dist/tex/latex/caption/caption.sty
(/usr/share/texlive/texmf-dist/tex/latex/caption/caption3.sty)))
(/usr/share/texlive/texmf-dist/tex/latex/graphics/graphicx.sty
(/usr/share/texlive/texmf-dist/tex/latex/graphics/graphics.sty
(/usr/share/texlive/texmf-dist/tex/latex/graphics/trig.sty)
(/usr/share/texlive/texmf-dist/tex/latex/graphics-cfg/graphics.cfg)))
(/usr/share/texlive/texmf-dist/tex/latex/amsmath/amsmath.sty
For additional information on amsmath, use the `?' option.
(/usr/share/texlive/texmf-dist/tex/latex/amsmath/amstext.sty
(/usr/share/texlive/texmf-dist/tex/latex/amsmath/amsgen.sty))
(/usr/share/texlive/texmf-dist/tex/latex/amsmath/amsbsy.sty)
(/usr/share/texlive/texmf-dist/tex/latex/amsmath/amsopn.sty))
(/usr/share/texlive/texmf-dist/tex/latex/multirow/multirow.sty)
(/usr/share/texlive/texmf-dist/tex/latex/colortbl/colortbl.sty
(/usr/share/texlive/texmf-dist/tex/latex/tools/array.sty))
(/usr/share/texlive/texmf-dist/tex/latex/cleveref/cleveref.sty)
(/usr/share/texlive/texmf-dist/tex/latex/algorithms/algorithm.sty
(/usr/share/texlive/texmf-dist/tex/latex/float/float.sty))
(/usr/share/texlive/texmf-dist/tex/latex/algorithmicx/algorithmicx.sty
Document Style algorithmicx 1.2 - a greatly improved `algorithmic' style
) (/usr/share/texlive/texmf-dist/tex/latex/algorithmicx/algpseudocode.sty
Document Style - pseudocode environments for use with the `algorithmicx' style
) (/usr/share/texlive/texmf-dist/tex/latex/pgf/frontendlayer/tikz.sty
(/usr/share/texlive/texmf-dist/tex/latex/pgf/basiclayer/pgf.sty
(/usr/share/texlive/texmf-dist/tex/latex/pgf/utilities/pgfrcs.sty
(/usr/share/texlive/texmf-dist/tex/generic/pgf/utilities/pgfutil-common.tex)
(/usr/share/texlive/texmf-dist/tex/generic/pgf/utilities/pgfutil-latex.def)
(/usr/share/texlive/texmf-dist/tex/generic/pgf/utilities/pgfrcs.code.tex
(/usr/share/texlive/texmf-dist/tex/generic/pgf/pgf.revision.tex)))
(/usr/share/texlive/texmf-dist/tex/latex/pgf/basiclayer/pgfcore.sty
(/usr/share/texlive/texmf-dist/tex/latex/pgf/systemlayer/pgfsys.sty
(/usr/share/texlive/texmf-dist/tex/generic/pgf/systemlayer/pgfsys.code.tex
(/usr/share/texlive/texmf-dist/tex/generic/pgf/utilities/pgfkeys.code.tex
(/usr/share/texlive/texmf-dist/tex/generic/pgf/utilities/pgfkeyslibraryfiltered
.code.tex)) (/usr/share/texlive/texmf-dist/tex/generic/pgf/systemlayer/pgf.cfg)
(/usr/share/texlive/texmf-dist/tex/generic/pgf/systemlayer/pgfsys-pdftex.def
(/usr/share/texlive/texmf-dist/tex/generic/pgf/systemlayer/pgfsys-common-pdf.de
f)))
(/usr/share/texlive/texmf-dist/tex/generic/pgf/systemlayer/pgfsyssoftpath.code.
tex)
(/usr/share/texlive/texmf-dist/tex/generic/pgf/systemlayer/pgfsysprotocol.code.
tex))
(/usr/share/texlive/texmf-dist/tex/generic/pgf/basiclayer/pgfcore.code.tex
(/usr/share/texlive/texmf-dist/tex/generic/pgf/math/pgfmath.code.tex
(/usr/share/texlive/texmf-dist/tex/generic/pgf/math/pgfmathutil.code.tex)
(/usr/share/texlive/texmf-dist/tex/generic/pgf/math/pgfmathparser.code.tex)
(/usr/share/texlive/texmf-dist/tex/generic/pgf/math/pgfmathfunctions.code.tex)
(/usr/share/texlive/texmf-dist/tex/generic/pgf/math/pgfmathfunctions.basic.code
.tex)
(/usr/share/texlive/texmf-dist/tex/generic/pgf/math/pgfmathfunctions.trigonomet
ric.code.tex)
(/usr/share/texlive/texmf-dist/tex/generic/pgf/math/pgfmathfunctions.random.cod
e.tex)
(/usr/share/texlive/texmf-dist/tex/generic/pgf/math/pgfmathfunctions.comparison
.code.tex)
(/usr/share/texlive/texmf-dist/tex/generic/pgf/math/pgfmathfunctions.base.code.
tex)
(/usr/share/texlive/texmf-dist/tex/generic/pgf/math/pgfmathfunctions.round.code
.tex)
(/usr/share/texlive/texmf-dist/tex/generic/pgf/math/pgfmathfunctions.misc.code.
tex)
(/usr/share/texlive/texmf-dist/tex/generic/pgf/math/pgfmathfunctions.integerari
thmetics.code.tex)
(/usr/share/texlive/texmf-dist/tex/generic/pgf/math/pgfmathcalc.code.tex)
(/usr/share/texlive/texmf-dist/tex/generic/pgf/math/pgfmathfloat.code.tex))
(/usr/share/texlive/texmf-dist/tex/generic/pgf/math/pgfint.code.tex)
(/usr/share/texlive/texmf-dist/tex/generic/pgf/basiclayer/pgfcorepoints.code.te
x)
(/usr/share/texlive/texmf-dist/tex/generic/pgf/basiclayer/pgfcorepathconstruct.
code.tex)
(/usr/share/texlive/texmf-dist/tex/generic/pgf/basiclayer/pgfcorepathusage.code
.tex)
(/usr/share/texlive/texmf-dist/tex/generic/pgf/basiclayer/pgfcorescopes.code.te
x)
(/usr/share/texlive/texmf-dist/tex/generic/pgf/basiclayer/pgfcoregraphicstate.c
ode.tex)
(/usr/share/texlive/texmf-dist/tex/generic/pgf/basiclayer/pgfcoretransformation
s.code.tex)
(/usr/share/texlive/texmf-dist/tex/generic/pgf/basiclayer/pgfcorequick.code.tex
)
(/usr/share/texlive/texmf-dist/tex/generic/pgf/basiclayer/pgfcoreobjects.code.t
ex)
(/usr/share/texlive/texmf-dist/tex/generic/pgf/basiclayer/pgfcorepathprocessing
.code.tex)
(/usr/share/texlive/texmf-dist/tex/generic/pgf/basiclayer/pgfcorearrows.code.te
x)
(/usr/share/texlive/texmf-dist/tex/generic/pgf/basiclayer/pgfcoreshade.code.tex
)
(/usr/share/texlive/texmf-dist/tex/generic/pgf/basiclayer/pgfcoreimage.code.tex
)
(/usr/share/texlive/texmf-dist/tex/generic/pgf/basiclayer/pgfcoreexternal.code.
tex)
(/usr/share/texlive/texmf-dist/tex/generic/pgf/basiclayer/pgfcorelayers.code.te
x)
(/usr/share/texlive/texmf-dist/tex/generic/pgf/basiclayer/pgfcoretransparency.c
ode.tex)
(/usr/share/texlive/texmf-dist/tex/generic/pgf/basiclayer/pgfcorepatterns.code.
tex)
(/usr/share/texlive/texmf-dist/tex/generic/pgf/basiclayer/pgfcorerdf.code.tex))
)
(/usr/share/texlive/texmf-dist/tex/generic/pgf/modules/pgfmoduleshapes.code.tex
) (/usr/share/texlive/texmf-dist/tex/generic/pgf/modules/pgfmoduleplot.code.tex
)
(/usr/share/texlive/texmf-dist/tex/latex/pgf/compatibility/pgfcomp-version-0-65
.sty)
(/usr/share/texlive/texmf-dist/tex/latex/pgf/compatibility/pgfcomp-version-1-18
.sty)) (/usr/share/texlive/texmf-dist/tex/latex/pgf/utilities/pgffor.sty
(/usr/share/texlive/texmf-dist/tex/latex/pgf/utilities/pgfkeys.sty
(/usr/share/texlive/texmf-dist/tex/generic/pgf/utilities/pgfkeys.code.tex))
(/usr/share/texlive/texmf-dist/tex/latex/pgf/math/pgfmath.sty
(/usr/share/texlive/texmf-dist/tex/generic/pgf/math/pgfmath.code.tex))
(/usr/share/texlive/texmf-dist/tex/generic/pgf/utilities/pgffor.code.tex))
(/usr/share/texlive/texmf-dist/tex/generic/pgf/frontendlayer/tikz/tikz.code.tex

(/usr/share/texlive/texmf-dist/tex/generic/pgf/libraries/pgflibraryplothandlers
.code.tex)
(/usr/share/texlive/texmf-dist/tex/generic/pgf/modules/pgfmodulematrix.code.tex
)
(/usr/share/texlive/texmf-dist/tex/generic/pgf/frontendlayer/tikz/libraries/tik
zlibrarytopaths.code.tex)))
(/usr/share/texlive/texmf-dist/tex/latex/pgfplots/pgfplots.sty
(/usr/share/texlive/texmf-dist/tex/generic/pgfplots/pgfplots.revision.tex)
(/usr/share/texlive/texmf-dist/tex/generic/pgfplots/pgfplots.code.tex
(/usr/share/texlive/texmf-dist/tex/generic/pgfplots/pgfplotscore.code.tex
(/usr/share/texlive/texmf-dist/tex/generic/pgfplots/sys/pgfplotssysgeneric.code
.tex))
(/usr/share/texlive/texmf-dist/tex/generic/pgfplots/libs/pgfplotslibrary.code.t
ex)
(/usr/share/texlive/texmf-dist/tex/generic/pgfplots/oldpgfcompatib/pgfplotsoldp
gfsupp_loader.code.tex
(/usr/share/texlive/texmf-dist/tex/generic/pgf/libraries/pgflibraryfpu.code.tex
)
Package pgfplots: loading complementary utilities for your pgf version...

(/usr/share/texlive/texmf-dist/tex/generic/pgfplots/oldpgfcompatib/pgfplotsoldp
gfsupp_pgfutil-common-lists.tex))
(/usr/share/texlive/texmf-dist/tex/generic/pgfplots/util/pgfplotsutil.code.tex
(/usr/share/texlive/texmf-dist/tex/generic/pgfplots/liststructure/pgfplotslists
tructure.code.tex)
(/usr/share/texlive/texmf-dist/tex/generic/pgfplots/liststructure/pgfplotslists
tructureext.code.tex)
(/usr/share/texlive/texmf-dist/tex/generic/pgfplots/liststructure/pgfplotsarray
.code.tex)
(/usr/share/texlive/texmf-dist/tex/generic/pgfplots/liststructure/pgfplotsmatri
x.code.tex)
(/usr/share/texlive/texmf-dist/tex/generic/pgfplots/numtable/pgfplotstableshare
d.code.tex)
(/usr/share/texlive/texmf-dist/tex/generic/pgfplots/liststructure/pgfplotsdeque
.code.tex)
(/usr/share/texlive/texmf-dist/tex/generic/pgfplots/util/pgfplotsbinary.code.te
x
(/usr/share/texlive/texmf-dist/tex/generic/pgfplots/util/pgfplotsbinary.data.co
de.tex))
(/usr/share/texlive/texmf-dist/tex/generic/pgfplots/util/pgfplotsutil.verb.code
.tex)
(/usr/share/texlive/texmf-dist/tex/generic/pgfplots/libs/pgflibrarypgfplots.sur
fshading.code.tex
(/usr/share/texlive/texmf-dist/tex/generic/pgfplots/sys/pgflibrarypgfplots.surf
shading.pgfsys-pdftex.def)))
(/usr/share/texlive/texmf-dist/tex/generic/pgfplots/util/pgfplotscolormap.code.
tex
(/usr/share/texlive/texmf-dist/tex/generic/pgfplots/util/pgfplotscolor.code.tex
))
(/usr/share/texlive/texmf-dist/tex/generic/pgfplots/pgfplotsstackedplots.code.t
ex)
(/usr/share/texlive/texmf-dist/tex/generic/pgfplots/pgfplotsplothandlers.code.t
ex
(/usr/share/texlive/texmf-dist/tex/generic/pgfplots/pgfplotsmeshplothandler.cod
e.tex
(/usr/share/texlive/texmf-dist/tex/generic/pgfplots/pgfplotsmeshplotimage.code.
tex)))
(/usr/share/texlive/texmf-dist/tex/generic/pgfplots/pgfplots.scaling.code.tex)
(/usr/share/texlive/texmf-dist/tex/generic/pgfplots/pgfplotscoordprocessing.cod
e.tex)
(/usr/share/texlive/texmf-dist/tex/generic/pgfplots/pgfplots.errorbars.code.tex
) (/usr/share/texlive/texmf-dist/tex/generic/pgfplots/pgfplots.markers.code.tex
) (/usr/share/texlive/texmf-dist/tex/generic/pgfplots/pgfplotsticks.code.tex)
(/usr/share/texlive/texmf-dist/tex/generic/pgfplots/pgfplots.paths.code.tex)
(/usr/share/texlive/texmf-dist/tex/generic/pgf/frontendlayer/tikz/libraries/tik
zlibrarydecorations.code.tex
(/usr/share/texlive/texmf-dist/tex/generic/pgf/modules/pgfmoduledecorations.cod
e.tex))
(/usr/share/texlive/texmf-dist/tex/generic/pgf/frontendlayer/tikz/libraries/tik
zlibrarydecorations.pathmorphing.code.tex
(/usr/share/texlive/texmf-dist/tex/generic/pgf/libraries/decorations/pgflibrary
decorations.pathmorphing.code.tex))
(/usr/share/texlive/texmf-dist/tex/generic/pgf/frontendlayer/tikz/libraries/tik
zlibrarydecorations.pathreplacing.code.tex
(/usr/share/texlive/texmf-dist/tex/generic/pgf/libraries/decorations/pgflibrary
decorations.pathreplacing.code.tex))
(/usr/share/texlive/texmf-dist/tex/generic/pgfplots/libs/tikzlibrarypgfplots.co
ntourlua.code.tex))
(/usr/share/texlive/texmf-dist/tex/generic/pgf/frontendlayer/tikz/libraries/tik
zlibraryplotmarks.code.tex
(/usr/share/texlive/texmf-dist/tex/generic/pgf/libraries/pgflibraryplotmarks.co
de.tex))) (/usr/share/texlive/texmf-dist/tex/latex/tools/tabularx.sty)
(/usr/share/texlive/texmf-dist/tex/latex/l3backend/l3backend-pdftex.def)
(./paper.aux)
(/usr/share/texlive/texmf-dist/tex/context/base/mkii/supp-pdf.mkii
[Loading MPS to PDF converter (version 2006.09.02).]
) (/usr/share/texlive/texmf-dist/tex/latex/epstopdf-pkg/epstopdf-base.sty
(/usr/share/texlive/texmf-dist/tex/latex/latexconfig/epstopdf-sys.cfg))
(./paper.out) (./paper.out)
(/usr/share/texlive/texmf-dist/tex/latex/microtype/mt-ptm.cfg)
Package pgfplots notification 'compat/show suggested version=true': document ha
s been generated with the most recent feature set (\pgfplotsset{compat=1.18}).

(/usr/share/texlive/texmf-dist/tex/latex/microtype/mt-cmr.cfg)
(/usr/share/texlive/texmf-dist/tex/latex/amsfonts/umsa.fd)
(/usr/share/texlive/texmf-dist/tex/latex/microtype/mt-msa.cfg)
(/usr/share/texlive/texmf-dist/tex/latex/amsfonts/umsb.fd)
(/usr/share/texlive/texmf-dist/tex/latex/microtype/mt-msb.cfg)
! Missing \endcsname inserted.
<to be read again> 
                   \protect 
l.50 ... chaudhry\_2018-12-02T16:39:19Z\_lifelong}
                                                  , quantization robust trai...


Package natbib Warning: Citation `sun\T1\textunderscore2019\T1\textunderscorela
mol' on page 1 undefined on input line 50.

! Missing \endcsname inserted.
<to be read again> 
                   \protect 
l.50 ... chaudhry\_2018-12-02T16:39:19Z\_lifelong}
                                                  , quantization robust trai...


Package natbib Warning: Citation `chaudhry\T1\textunderscore2018-12-02T16:39:19
Z\T1\textunderscorelifelong' on page 1 undefined on input line 50.

! Missing \endcsname inserted.
<to be read again> 
                   \protect 
l.50 ...\cite{fan\_2020-04-15T20:10:53Z\_training}
                                                   and parameter\-efficient ...


Package natbib Warning: Citation `fan\T1\textunderscore2020-04-15T20:10:53Z\T1\
textunderscoretraining' on page 1 undefined on input line 50.

! Missing \endcsname inserted.
<to be read again> 
                   \protect 
l.50 ...mahabadi\_2021-06-08T19:17:04Z\_compacter}
                                                  . This work lays the groun...


Package natbib Warning: Citation `mahabadi\T1\textunderscore2021-06-08T19:17:04
Z\T1\textunderscorecompacter' on page 1 undefined on input line 50.

(/usr/share/texlive/texmf-dist/tex/latex/psnfss/ts1ptm.fd) [1{/var/lib/texmf/fo
nts/map/pdftex/updmap/pdftex.map}{/usr/share/texlive/texmf-dist/fonts/enc/dvips
/base/8r.enc}]
! Missing \endcsname inserted.
<to be read again> 
                   \protect 
l.64 ... chaudhry\_2018-12-02T16:39:19Z\_lifelong}
                                                  , quantization robust trai...


Package natbib Warning: Citation `sun\T1\textunderscore2019\T1\textunderscorela
mol' on page 2 undefined on input line 64.

! Missing \endcsname inserted.
<to be read again> 
                   \protect 
l.64 ... chaudhry\_2018-12-02T16:39:19Z\_lifelong}
                                                  , quantization robust trai...


Package natbib Warning: Citation `chaudhry\T1\textunderscore2018-12-02T16:39:19
Z\T1\textunderscorelifelong' on page 2 undefined on input line 64.

! Missing \endcsname inserted.
<to be read again> 
                   \protect 
l.64 ...\cite{fan\_2020-04-15T20:10:53Z\_training}
                                                  , and efficient module ada...


Package natbib Warning: Citation `fan\T1\textunderscore2020-04-15T20:10:53Z\T1\
textunderscoretraining' on page 2 undefined on input line 64.

! Missing \endcsname inserted.
<to be read again> 
                   \protect 
l.64 ...mahabadi\_2021-06-08T19:17:04Z\_compacter}
                                                   and represents an importa...


Package natbib Warning: Citation `mahabadi\T1\textunderscore2021-06-08T19:17:04
Z\T1\textunderscorecompacter' on page 2 undefined on input line 64.

! Missing \endcsname inserted.
<to be read again> 
                   \protect 
l.68 ... chaudhry\_2018-12-02T16:39:19Z\_lifelong}
                                                  . Although these approache...


Package natbib Warning: Citation `sun\T1\textunderscore2019\T1\textunderscorela
mol' on page 2 undefined on input line 68.

! Missing \endcsname inserted.
<to be read again> 
                   \protect 
l.68 ... chaudhry\_2018-12-02T16:39:19Z\_lifelong}
                                                  . Although these approache...


Package natbib Warning: Citation `chaudhry\T1\textunderscore2018-12-02T16:39:19
Z\T1\textunderscorelifelong' on page 2 undefined on input line 68.

! Missing \endcsname inserted.
<to be read again> 
                   \protect 
l.68 ...\cite{fan\_2020-04-15T20:10:53Z\_training}
                                                  . However, such methods ar...


Package natbib Warning: Citation `fan\T1\textunderscore2020-04-15T20:10:53Z\T1\
textunderscoretraining' on page 2 undefined on input line 68.

! Missing \endcsname inserted.
<to be read again> 
                   \protect 
l.68 ...mahabadi\_2021-06-08T19:17:04Z\_compacter}
                                                  , exploit low\-rank factor...


Package natbib Warning: Citation `mahabadi\T1\textunderscore2021-06-08T19:17:04
Z\T1\textunderscorecompacter' on page 2 undefined on input line 68.

! Missing \endcsname inserted.
<to be read again> 
                   \protect 
l.68 ...li\_2022-06-02T17:51:03Z\_efficientformer}
                                                   and SnapFusion \cite{li\_...


Package natbib Warning: Citation `li\T1\textunderscore2022-06-02T17:51:03Z\T1\t
extunderscoreefficientformer' on page 2 undefined on input line 68.

! Missing \endcsname inserted.
<to be read again> 
                   \protect 
l.68 ...cite{li\_2023-06-01T17:59:25Z\_snapfusion}
                                                  , has concentrated on enha...


Package natbib Warning: Citation `li\T1\textunderscore2023-06-01T17:59:25Z\T1\t
extunderscoresnapfusion' on page 2 undefined on input line 68.

! Missing \endcsname inserted.
<to be read again> 
                   \protect 
l.68 ...mining, lewis\_2021-03-30T23:08:32Z\_base}
                                                   have provided insights in...


Package natbib Warning: Citation `zhang\T1\textunderscore2022-02-01T16:20:15Z\T
1\textunderscoreexamining' on page 2 undefined on input line 68.

! Missing \endcsname inserted.
<to be read again> 
                   \protect 
l.68 ...mining, lewis\_2021-03-30T23:08:32Z\_base}
                                                   have provided insights in...


Package natbib Warning: Citation `lewis\T1\textunderscore2021-03-30T23:08:32Z\T
1\textunderscorebase' on page 2 undefined on input line 68.

! Missing \endcsname inserted.
<to be read again> 
                   \protect 
l.72 ...\cite{fan\_2020-04-15T20:10:53Z\_training}
                                                  . Low\-rank adaptation met...


Package natbib Warning: Citation `fan\T1\textunderscore2020-04-15T20:10:53Z\T1\
textunderscoretraining' on page 2 undefined on input line 72.

! Missing \endcsname inserted.
<to be read again> 
                   \protect 
l.72 ...mahabadi\_2021-06-08T19:17:04Z\_compacter}
                                                  . Additionally, reinforcem...


Package natbib Warning: Citation `mahabadi\T1\textunderscore2021-06-08T19:17:04
Z\T1\textunderscorecompacter' on page 2 undefined on input line 72.

! Missing \endcsname inserted.
<to be read again> 
                   \protect 
l.72 ...te{zhang\_2022-02-01T16:20:15Z\_examining}
                                                  . The challenge of continu...


Package natbib Warning: Citation `zhang\T1\textunderscore2022-02-01T16:20:15Z\T
1\textunderscoreexamining' on page 2 undefined on input line 72.

! Missing \endcsname inserted.
<to be read again> 
                   \protect 
l.72 ... chaudhry\_2018-12-02T16:39:19Z\_lifelong}
                                                  . Our methodology views th...


Package natbib Warning: Citation `sun\T1\textunderscore2019\T1\textunderscorela
mol' on page 2 undefined on input line 72.

! Missing \endcsname inserted.
<to be read again> 
                   \protect 
l.72 ... chaudhry\_2018-12-02T16:39:19Z\_lifelong}
                                                  . Our methodology views th...


Package natbib Warning: Citation `chaudhry\T1\textunderscore2018-12-02T16:39:19
Z\T1\textunderscorelifelong' on page 2 undefined on input line 72.

! Missing \endcsname inserted.
<to be read again> 
                   \protect 
l.72 ...li\_2022-06-02T17:51:03Z\_efficientformer}
                                                  , enables dynamic resource...


Package natbib Warning: Citation `li\T1\textunderscore2022-06-02T17:51:03Z\T1\t
extunderscoreefficientformer' on page 2 undefined on input line 72.

! Missing \endcsname inserted.
<to be read again> 
                   \protect 
l.76 ...\cite{fan\_2020-04-15T20:10:53Z\_training}
                                                  .

Package natbib Warning: Citation `fan\T1\textunderscore2020-04-15T20:10:53Z\T1\
textunderscoretraining' on page 2 undefined on input line 76.

! Missing \endcsname inserted.
<to be read again> 
                   \protect 
l.78 ...mahabadi\_2021-06-08T19:17:04Z\_compacter}
                                                  .

Package natbib Warning: Citation `mahabadi\T1\textunderscore2021-06-08T19:17:04
Z\T1\textunderscorecompacter' on page 2 undefined on input line 78.

[2]
! Missing \endcsname inserted.
<to be read again> 
                   \protect 
l.80 ... chaudhry\_2018-12-02T16:39:19Z\_lifelong}
                                                   while extending them with...


Package natbib Warning: Citation `sun\T1\textunderscore2019\T1\textunderscorela
mol' on page 3 undefined on input line 80.

! Missing \endcsname inserted.
<to be read again> 
                   \protect 
l.80 ... chaudhry\_2018-12-02T16:39:19Z\_lifelong}
                                                   while extending them with...


Package natbib Warning: Citation `chaudhry\T1\textunderscore2018-12-02T16:39:19
Z\T1\textunderscorelifelong' on page 3 undefined on input line 80.

! Missing \endcsname inserted.
<to be read again> 
                   \protect 
l.108 ...15T20:10:53Z\_training, sun\_2019\_lamol}
                                                   and preliminary experimen...


Package natbib Warning: Citation `fan\T1\textunderscore2020-04-15T20:10:53Z\T1\
textunderscoretraining' on page 3 undefined on input line 108.

! Missing \endcsname inserted.
<to be read again> 
                   \protect 
l.108 ...15T20:10:53Z\_training, sun\_2019\_lamol}
                                                   and preliminary experimen...


Package natbib Warning: Citation `sun\T1\textunderscore2019\T1\textunderscorela
mol' on page 3 undefined on input line 108.

[3]
! Missing \endcsname inserted.
<to be read again> 
                   \protect 
l.114 ...cite{fan\_2020-04-15T20:10:53Z\_training}
                                                  .

Package natbib Warning: Citation `fan\T1\textunderscore2020-04-15T20:10:53Z\T1\
textunderscoretraining' on page 4 undefined on input line 114.


LaTeX Warning: File `images/performance.pdf' not found on input line 122.


! Package pdftex.def Error: File `images/performance.pdf' not found: using draf
t setting.

See the pdftex.def package documentation for explanation.
Type  H <return>  for immediate help.
 ...                                              
                                                  
l.122 ...th=0.7\linewidth]{images/performance.pdf}
                                                  
(/usr/share/texlive/texmf-dist/tex/latex/psnfss/t1pcr.fd)
Underfull \vbox (badness 10000) has occurred while \output is active [4]
(./paper.bbl)

Package natbib Warning: There were undefined citations.

[5] (./paper.aux) )
(see the transcript file for additional information)</usr/share/texlive/texmf-d
ist/fonts/type1/urw/courier/ucrr8a.pfb></usr/share/texlive/texmf-dist/fonts/typ
e1/urw/times/utmb8a.pfb></usr/share/texlive/texmf-dist/fonts/type1/urw/times/ut
mr8a.pfb>
Output written on paper.pdf (5 pages, 60689 bytes).
Transcript written on paper.log.
